Archive member included to satisfy reference by file (symbol)

E:\SW4STM32\SHIRO-OBI_mbed\mbed\TARGET_NUCLEO_L476RG\TOOLCHAIN_GCC_ARM\libmbed.a(analogin_api.o)
                              main.o (analogin_init)
E:\SW4STM32\SHIRO-OBI_mbed\mbed\TARGET_NUCLEO_L476RG\TOOLCHAIN_GCC_ARM\libmbed.a(serial_api.o)
                              E:/SW4STM32/SHIRO-OBI_mbed/mbed/TARGET_NUCLEO_L476RG/TOOLCHAIN_GCC_ARM/mbed_board.o (serial_init)
E:\SW4STM32\SHIRO-OBI_mbed\mbed\TARGET_NUCLEO_L476RG\TOOLCHAIN_GCC_ARM\libmbed.a(AnalogIn.o)
                              main.o (mbed::AnalogIn::_mutex)
E:\SW4STM32\SHIRO-OBI_mbed\mbed\TARGET_NUCLEO_L476RG\TOOLCHAIN_GCC_ARM\libmbed.a(FilePath.o)
                              E:/SW4STM32/SHIRO-OBI_mbed/mbed/TARGET_NUCLEO_L476RG/TOOLCHAIN_GCC_ARM/retarget.o (mbed::FilePath::FilePath(char const*))
E:\SW4STM32\SHIRO-OBI_mbed\mbed\TARGET_NUCLEO_L476RG\TOOLCHAIN_GCC_ARM\libmbed.a(FileSystemLike.o)
                              E:/SW4STM32/SHIRO-OBI_mbed/mbed/TARGET_NUCLEO_L476RG/TOOLCHAIN_GCC_ARM/retarget.o (mbed::FileSystemLike::opendir())
E:\SW4STM32\SHIRO-OBI_mbed\mbed\TARGET_NUCLEO_L476RG\TOOLCHAIN_GCC_ARM\libmbed.a(mbed_assert.o)
                              main.o (mbed_assert_internal)
E:\SW4STM32\SHIRO-OBI_mbed\mbed\TARGET_NUCLEO_L476RG\TOOLCHAIN_GCC_ARM\libmbed.a(mbed_error.o)
                              E:/SW4STM32/SHIRO-OBI_mbed/mbed/TARGET_NUCLEO_L476RG/TOOLCHAIN_GCC_ARM/retarget.o (error)
E:\SW4STM32\SHIRO-OBI_mbed\mbed\TARGET_NUCLEO_L476RG\TOOLCHAIN_GCC_ARM\libmbed.a(mbed_gpio.o)
                              main.o (gpio_init_out)
E:\SW4STM32\SHIRO-OBI_mbed\mbed\TARGET_NUCLEO_L476RG\TOOLCHAIN_GCC_ARM\libmbed.a(mbed_critical.o)
                              E:/SW4STM32/SHIRO-OBI_mbed/mbed/TARGET_NUCLEO_L476RG/TOOLCHAIN_GCC_ARM/mbed_board.o (core_util_critical_section_enter)
E:\SW4STM32\SHIRO-OBI_mbed\mbed\TARGET_NUCLEO_L476RG\TOOLCHAIN_GCC_ARM\libmbed.a(mbed_pinmap_common.o)
                              E:\SW4STM32\SHIRO-OBI_mbed\mbed\TARGET_NUCLEO_L476RG\TOOLCHAIN_GCC_ARM\libmbed.a(analogin_api.o) (pinmap_pinout)
E:\SW4STM32\SHIRO-OBI_mbed\mbed\TARGET_NUCLEO_L476RG\TOOLCHAIN_GCC_ARM\libmbed.a(mbed_us_ticker_api.o)
                              E:/SW4STM32/SHIRO-OBI_mbed/mbed/TARGET_NUCLEO_L476RG/TOOLCHAIN_GCC_ARM/hal_tick.o (us_ticker_irq_handler)
E:\SW4STM32\SHIRO-OBI_mbed\mbed\TARGET_NUCLEO_L476RG\TOOLCHAIN_GCC_ARM\libmbed.a(mbed_wait_api.o)
                              main.o (wait)
E:\SW4STM32\SHIRO-OBI_mbed\mbed\TARGET_NUCLEO_L476RG\TOOLCHAIN_GCC_ARM\libmbed.a(PeripheralPins.o)
                              E:\SW4STM32\SHIRO-OBI_mbed\mbed\TARGET_NUCLEO_L476RG\TOOLCHAIN_GCC_ARM\libmbed.a(serial_api.o) (PinMap_UART_CTS)
E:\SW4STM32\SHIRO-OBI_mbed\mbed\TARGET_NUCLEO_L476RG\TOOLCHAIN_GCC_ARM\libmbed.a(gpio_api.o)
                              E:\SW4STM32\SHIRO-OBI_mbed\mbed\TARGET_NUCLEO_L476RG\TOOLCHAIN_GCC_ARM\libmbed.a(mbed_gpio.o) (gpio_init)
E:\SW4STM32\SHIRO-OBI_mbed\mbed\TARGET_NUCLEO_L476RG\TOOLCHAIN_GCC_ARM\libmbed.a(pinmap.o)
                              E:\SW4STM32\SHIRO-OBI_mbed\mbed\TARGET_NUCLEO_L476RG\TOOLCHAIN_GCC_ARM\libmbed.a(gpio_api.o) (Set_GPIO_Clock)
E:\SW4STM32\SHIRO-OBI_mbed\mbed\TARGET_NUCLEO_L476RG\TOOLCHAIN_GCC_ARM\libmbed.a(us_ticker.o)
                              E:\SW4STM32\SHIRO-OBI_mbed\mbed\TARGET_NUCLEO_L476RG\TOOLCHAIN_GCC_ARM\libmbed.a(mbed_us_ticker_api.o) (us_ticker_init)
E:\SW4STM32\SHIRO-OBI_mbed\mbed\TARGET_NUCLEO_L476RG\TOOLCHAIN_GCC_ARM\libmbed.a(FileBase.o)
                              E:\SW4STM32\SHIRO-OBI_mbed\mbed\TARGET_NUCLEO_L476RG\TOOLCHAIN_GCC_ARM\libmbed.a(FileSystemLike.o) (mbed::FileBase::getName())
E:\SW4STM32\SHIRO-OBI_mbed\mbed\TARGET_NUCLEO_L476RG\TOOLCHAIN_GCC_ARM\libmbed.a(mbed_ticker_api.o)
                              E:\SW4STM32\SHIRO-OBI_mbed\mbed\TARGET_NUCLEO_L476RG\TOOLCHAIN_GCC_ARM\libmbed.a(mbed_us_ticker_api.o) (ticker_irq_handler)
d:/ac6/systemworkbench/plugins/fr.ac6.mcu.externaltools.arm-none.win32_1.13.2.201703061525/tools/compiler/bin/../lib/gcc/arm-none-eabi/5.4.1/../../../../arm-none-eabi/lib\libstdc++_nano.a(atexit_arm.o)
                              main.o (__aeabi_atexit)
d:/ac6/systemworkbench/plugins/fr.ac6.mcu.externaltools.arm-none.win32_1.13.2.201703061525/tools/compiler/bin/../lib/gcc/arm-none-eabi/5.4.1\libgcc.a(_arm_addsubdf3.o)
                              main.o (__aeabi_f2d)
d:/ac6/systemworkbench/plugins/fr.ac6.mcu.externaltools.arm-none.win32_1.13.2.201703061525/tools/compiler/bin/../lib/gcc/arm-none-eabi/5.4.1\libgcc.a(_arm_muldivsf3.o)
                              main.o (__aeabi_fmul)
d:/ac6/systemworkbench/plugins/fr.ac6.mcu.externaltools.arm-none.win32_1.13.2.201703061525/tools/compiler/bin/../lib/gcc/arm-none-eabi/5.4.1\libgcc.a(_arm_cmpsf2.o)
                              main.o (__aeabi_fcmpgt)
[...]
Memory Configuration

Name             Origin             Length             Attributes
FLASH            0x08000000         0x00100000         xr
SRAM2            0x10000188         0x00007e78         xrw
SRAM1            0x20000000         0x00018000         xrw
*default*        0x00000000         0xffffffff

Linker script and memory map

LOAD d:/ac6/systemworkbench/plugins/fr.ac6.mcu.externaltools.arm-none.win32_1.13.2.201703061525/tools/compiler/bin/../lib/gcc/arm-none-eabi/5.4.1/crti.o
LOAD d:/ac6/systemworkbench/plugins/fr.ac6.mcu.externaltools.arm-none.win32_1.13.2.201703061525/tools/compiler/bin/../lib/gcc/arm-none-eabi/5.4.1/crtbegin.o
LOAD d:/ac6/systemworkbench/plugins/fr.ac6.mcu.externaltools.arm-none.win32_1.13.2.201703061525/tools/compiler/bin/../lib/gcc/arm-none-eabi/5.4.1/../../../../arm-none-eabi/lib/crt0.o
LOAD main.o
LOAD test/test.o
LOAD E:/SW4STM32/SHIRO-OBI_mbed/mbed/TARGET_NUCLEO_L476RG/TOOLCHAIN_GCC_ARM/stm32l4xx_hal_flash_ramfunc.o
LOAD E:/SW4STM32/SHIRO-OBI_mbed/mbed/TARGET_NUCLEO_L476RG/TOOLCHAIN_GCC_ARM/cmsis_nvic.o
LOAD E:/SW4STM32/SHIRO-OBI_mbed/mbed/TARGET_NUCLEO_L476RG/TOOLCHAIN_GCC_ARM/hal_tick.o
LOAD E:/SW4STM32/SHIRO-OBI_mbed/mbed/TARGET_NUCLEO_L476RG/TOOLCHAIN_GCC_ARM/mbed_board.o
LOAD E:/SW4STM32/SHIRO-OBI_mbed/mbed/TARGET_NUCLEO_L476RG/TOOLCHAIN_GCC_ARM/mbed_overrides.o
LOAD E:/SW4STM32/SHIRO-OBI_mbed/mbed/TARGET_NUCLEO_L476RG/TOOLCHAIN_GCC_ARM/retarget.o
LOAD E:/SW4STM32/SHIRO-OBI_mbed/mbed/TARGET_NUCLEO_L476RG/TOOLCHAIN_GCC_ARM/startup_stm32l476xx.o
LOAD E:/SW4STM32/SHIRO-OBI_mbed/mbed/TARGET_NUCLEO_L476RG/TOOLCHAIN_GCC_ARM/stm32l4xx_hal.o
LOAD E:/SW4STM32/SHIRO-OBI_mbed/mbed/TARGET_NUCLEO_L476RG/TOOLCHAIN_GCC_ARM/stm32l4xx_hal_adc.o
LOAD E:/SW4STM32/SHIRO-OBI_mbed/mbed/TARGET_NUCLEO_L476RG/TOOLCHAIN_GCC_ARM/stm32l4xx_hal_adc_ex.o
LOAD E:/SW4STM32/SHIRO-OBI_mbed/mbed/TARGET_NUCLEO_L476RG/TOOLCHAIN_GCC_ARM/stm32l4xx_hal_can.o
LOAD E:/SW4STM32/SHIRO-OBI_mbed/mbed/TARGET_NUCLEO_L476RG/TOOLCHAIN_GCC_ARM/stm32l4xx_hal_comp.o
LOAD E:/SW4STM32/SHIRO-OBI_mbed/mbed/TARGET_NUCLEO_L476RG/TOOLCHAIN_GCC_ARM/stm32l4xx_hal_cortex.o
LOAD E:/SW4STM32/SHIRO-OBI_mbed/mbed/TARGET_NUCLEO_L476RG/TOOLCHAIN_GCC_ARM/stm32l4xx_hal_crc.o
LOAD E:/SW4STM32/SHIRO-OBI_mbed/mbed/TARGET_NUCLEO_L476RG/TOOLCHAIN_GCC_ARM/stm32l4xx_hal_crc_ex.o
LOAD E:/SW4STM32/SHIRO-OBI_mbed/mbed/TARGET_NUCLEO_L476RG/TOOLCHAIN_GCC_ARM/stm32l4xx_hal_cryp.o
LOAD E:/SW4STM32/SHIRO-OBI_mbed/mbed/TARGET_NUCLEO_L476RG/TOOLCHAIN_GCC_ARM/stm32l4xx_hal_cryp_ex.o
LOAD E:/SW4STM32/SHIRO-OBI_mbed/mbed/TARGET_NUCLEO_L476RG/TOOLCHAIN_GCC_ARM/stm32l4xx_hal_dac.o
LOAD E:/SW4STM32/SHIRO-OBI_mbed/mbed/TARGET_NUCLEO_L476RG/TOOLCHAIN_GCC_ARM/stm32l4xx_hal_dac_ex.o
LOAD E:/SW4STM32/SHIRO-OBI_mbed/mbed/TARGET_NUCLEO_L476RG/TOOLCHAIN_GCC_ARM/stm32l4xx_hal_dfsdm.o
LOAD E:/SW4STM32/SHIRO-OBI_mbed/mbed/TARGET_NUCLEO_L476RG/TOOLCHAIN_GCC_ARM/stm32l4xx_hal_dma.o
LOAD E:/SW4STM32/SHIRO-OBI_mbed/mbed/TARGET_NUCLEO_L476RG/TOOLCHAIN_GCC_ARM/stm32l4xx_hal_firewall.o
LOAD E:/SW4STM32/SHIRO-OBI_mbed/mbed/TARGET_NUCLEO_L476RG/TOOLCHAIN_GCC_ARM/stm32l4xx_hal_flash.o
LOAD E:/SW4STM32/SHIRO-OBI_mbed/mbed/TARGET_NUCLEO_L476RG/TOOLCHAIN_GCC_ARM/stm32l4xx_hal_flash_ex.o
LOAD E:/SW4STM32/SHIRO-OBI_mbed/mbed/TARGET_NUCLEO_L476RG/TOOLCHAIN_GCC_ARM/stm32l4xx_hal_msp_template.o
LOAD E:/SW4STM32/SHIRO-OBI_mbed/mbed/TARGET_NUCLEO_L476RG/TOOLCHAIN_GCC_ARM/stm32l4xx_hal_gpio.o
LOAD E:/SW4STM32/SHIRO-OBI_mbed/mbed/TARGET_NUCLEO_L476RG/TOOLCHAIN_GCC_ARM/stm32l4xx_hal_hcd.o
LOAD E:/SW4STM32/SHIRO-OBI_mbed/mbed/TARGET_NUCLEO_L476RG/TOOLCHAIN_GCC_ARM/stm32l4xx_hal_i2c.o
LOAD E:/SW4STM32/SHIRO-OBI_mbed/mbed/TARGET_NUCLEO_L476RG/TOOLCHAIN_GCC_ARM/stm32l4xx_hal_i2c_ex.o
LOAD E:/SW4STM32/SHIRO-OBI_mbed/mbed/TARGET_NUCLEO_L476RG/TOOLCHAIN_GCC_ARM/stm32l4xx_hal_irda.o
LOAD E:/SW4STM32/SHIRO-OBI_mbed/mbed/TARGET_NUCLEO_L476RG/TOOLCHAIN_GCC_ARM/stm32l4xx_hal_iwdg.o
LOAD E:/SW4STM32/SHIRO-OBI_mbed/mbed/TARGET_NUCLEO_L476RG/TOOLCHAIN_GCC_ARM/stm32l4xx_hal_lcd.o
LOAD E:/SW4STM32/SHIRO-OBI_mbed/mbed/TARGET_NUCLEO_L476RG/TOOLCHAIN_GCC_ARM/stm32l4xx_hal_lptim.o
LOAD E:/SW4STM32/SHIRO-OBI_mbed/mbed/TARGET_NUCLEO_L476RG/TOOLCHAIN_GCC_ARM/stm32l4xx_hal_smartcard.o
LOAD E:/SW4STM32/SHIRO-OBI_mbed/mbed/TARGET_NUCLEO_L476RG/TOOLCHAIN_GCC_ARM/stm32l4xx_hal_nand.o
LOAD E:/SW4STM32/SHIRO-OBI_mbed/mbed/TARGET_NUCLEO_L476RG/TOOLCHAIN_GCC_ARM/stm32l4xx_hal_nor.o
LOAD E:/SW4STM32/SHIRO-OBI_mbed/mbed/TARGET_NUCLEO_L476RG/TOOLCHAIN_GCC_ARM/stm32l4xx_hal_opamp.o
LOAD E:/SW4STM32/SHIRO-OBI_mbed/mbed/TARGET_NUCLEO_L476RG/TOOLCHAIN_GCC_ARM/stm32l4xx_hal_opamp_ex.o
LOAD E:/SW4STM32/SHIRO-OBI_mbed/mbed/TARGET_NUCLEO_L476RG/TOOLCHAIN_GCC_ARM/stm32l4xx_hal_pcd.o
LOAD E:/SW4STM32/SHIRO-OBI_mbed/mbed/TARGET_NUCLEO_L476RG/TOOLCHAIN_GCC_ARM/stm32l4xx_hal_pcd_ex.o
LOAD E:/SW4STM32/SHIRO-OBI_mbed/mbed/TARGET_NUCLEO_L476RG/TOOLCHAIN_GCC_ARM/stm32l4xx_hal_pwr.o
LOAD E:/SW4STM32/SHIRO-OBI_mbed/mbed/TARGET_NUCLEO_L476RG/TOOLCHAIN_GCC_ARM/stm32l4xx_hal_pwr_ex.o
LOAD E:/SW4STM32/SHIRO-OBI_mbed/mbed/TARGET_NUCLEO_L476RG/TOOLCHAIN_GCC_ARM/stm32l4xx_hal_qspi.o
LOAD E:/SW4STM32/SHIRO-OBI_mbed/mbed/TARGET_NUCLEO_L476RG/TOOLCHAIN_GCC_ARM/stm32l4xx_hal_rcc.o
LOAD E:/SW4STM32/SHIRO-OBI_mbed/mbed/TARGET_NUCLEO_L476RG/TOOLCHAIN_GCC_ARM/stm32l4xx_hal_rcc_ex.o
LOAD E:/SW4STM32/SHIRO-OBI_mbed/mbed/TARGET_NUCLEO_L476RG/TOOLCHAIN_GCC_ARM/stm32l4xx_hal_rng.o
LOAD E:/SW4STM32/SHIRO-OBI_mbed/mbed/TARGET_NUCLEO_L476RG/TOOLCHAIN_GCC_ARM/stm32l4xx_hal_rtc.o
LOAD E:/SW4STM32/SHIRO-OBI_mbed/mbed/TARGET_NUCLEO_L476RG/TOOLCHAIN_GCC_ARM/stm32l4xx_hal_rtc_ex.o
LOAD E:/SW4STM32/SHIRO-OBI_mbed/mbed/TARGET_NUCLEO_L476RG/TOOLCHAIN_GCC_ARM/stm32l4xx_hal_sai.o
LOAD E:/SW4STM32/SHIRO-OBI_mbed/mbed/TARGET_NUCLEO_L476RG/TOOLCHAIN_GCC_ARM/stm32l4xx_hal_sd.o
LOAD E:/SW4STM32/SHIRO-OBI_mbed/mbed/TARGET_NUCLEO_L476RG/TOOLCHAIN_GCC_ARM/stm32l4xx_hal_smartcard_ex.o
LOAD E:/SW4STM32/SHIRO-OBI_mbed/mbed/TARGET_NUCLEO_L476RG/TOOLCHAIN_GCC_ARM/stm32l4xx_hal_smbus.o
LOAD E:/SW4STM32/SHIRO-OBI_mbed/mbed/TARGET_NUCLEO_L476RG/TOOLCHAIN_GCC_ARM/stm32l4xx_hal_spi.o
LOAD E:/SW4STM32/SHIRO-OBI_mbed/mbed/TARGET_NUCLEO_L476RG/TOOLCHAIN_GCC_ARM/stm32l4xx_hal_spi_ex.o
LOAD E:/SW4STM32/SHIRO-OBI_mbed/mbed/TARGET_NUCLEO_L476RG/TOOLCHAIN_GCC_ARM/stm32l4xx_hal_sram.o
LOAD E:/SW4STM32/SHIRO-OBI_mbed/mbed/TARGET_NUCLEO_L476RG/TOOLCHAIN_GCC_ARM/stm32l4xx_hal_swpmi.o
LOAD E:/SW4STM32/SHIRO-OBI_mbed/mbed/TARGET_NUCLEO_L476RG/TOOLCHAIN_GCC_ARM/stm32l4xx_hal_tim.o
LOAD E:/SW4STM32/SHIRO-OBI_mbed/mbed/TARGET_NUCLEO_L476RG/TOOLCHAIN_GCC_ARM/stm32l4xx_hal_tim_ex.o
LOAD E:/SW4STM32/SHIRO-OBI_mbed/mbed/TARGET_NUCLEO_L476RG/TOOLCHAIN_GCC_ARM/stm32l4xx_hal_tsc.o
LOAD E:/SW4STM32/SHIRO-OBI_mbed/mbed/TARGET_NUCLEO_L476RG/TOOLCHAIN_GCC_ARM/stm32l4xx_hal_uart.o
LOAD E:/SW4STM32/SHIRO-OBI_mbed/mbed/TARGET_NUCLEO_L476RG/TOOLCHAIN_GCC_ARM/stm32l4xx_hal_uart_ex.o
LOAD E:/SW4STM32/SHIRO-OBI_mbed/mbed/TARGET_NUCLEO_L476RG/TOOLCHAIN_GCC_ARM/stm32l4xx_hal_usart.o
LOAD E:/SW4STM32/SHIRO-OBI_mbed/mbed/TARGET_NUCLEO_L476RG/TOOLCHAIN_GCC_ARM/stm32l4xx_hal_wwdg.o
LOAD E:/SW4STM32/SHIRO-OBI_mbed/mbed/TARGET_NUCLEO_L476RG/TOOLCHAIN_GCC_ARM/stm32l4xx_ll_adc.o
LOAD E:/SW4STM32/SHIRO-OBI_mbed/mbed/TARGET_NUCLEO_L476RG/TOOLCHAIN_GCC_ARM/stm32l4xx_ll_comp.o
LOAD E:/SW4STM32/SHIRO-OBI_mbed/mbed/TARGET_NUCLEO_L476RG/TOOLCHAIN_GCC_ARM/stm32l4xx_ll_crc.o
LOAD E:/SW4STM32/SHIRO-OBI_mbed/mbed/TARGET_NUCLEO_L476RG/TOOLCHAIN_GCC_ARM/stm32l4xx_ll_crs.o
LOAD E:/SW4STM32/SHIRO-OBI_mbed/mbed/TARGET_NUCLEO_L476RG/TOOLCHAIN_GCC_ARM/stm32l4xx_ll_dac.o
LOAD E:/SW4STM32/SHIRO-OBI_mbed/mbed/TARGET_NUCLEO_L476RG/TOOLCHAIN_GCC_ARM/stm32l4xx_ll_dma.o
LOAD E:/SW4STM32/SHIRO-OBI_mbed/mbed/TARGET_NUCLEO_L476RG/TOOLCHAIN_GCC_ARM/stm32l4xx_ll_exti.o
LOAD E:/SW4STM32/SHIRO-OBI_mbed/mbed/TARGET_NUCLEO_L476RG/TOOLCHAIN_GCC_ARM/stm32l4xx_ll_fmc.o
LOAD E:/SW4STM32/SHIRO-OBI_mbed/mbed/TARGET_NUCLEO_L476RG/TOOLCHAIN_GCC_ARM/stm32l4xx_ll_gpio.o
LOAD E:/SW4STM32/SHIRO-OBI_mbed/mbed/TARGET_NUCLEO_L476RG/TOOLCHAIN_GCC_ARM/stm32l4xx_ll_i2c.o
LOAD E:/SW4STM32/SHIRO-OBI_mbed/mbed/TARGET_NUCLEO_L476RG/TOOLCHAIN_GCC_ARM/stm32l4xx_ll_lptim.o
LOAD E:/SW4STM32/SHIRO-OBI_mbed/mbed/TARGET_NUCLEO_L476RG/TOOLCHAIN_GCC_ARM/stm32l4xx_ll_lpuart.o
LOAD E:/SW4STM32/SHIRO-OBI_mbed/mbed/TARGET_NUCLEO_L476RG/TOOLCHAIN_GCC_ARM/stm32l4xx_ll_opamp.o
LOAD E:/SW4STM32/SHIRO-OBI_mbed/mbed/TARGET_NUCLEO_L476RG/TOOLCHAIN_GCC_ARM/stm32l4xx_ll_pwr.o
LOAD E:/SW4STM32/SHIRO-OBI_mbed/mbed/TARGET_NUCLEO_L476RG/TOOLCHAIN_GCC_ARM/stm32l4xx_ll_rcc.o
LOAD E:/SW4STM32/SHIRO-OBI_mbed/mbed/TARGET_NUCLEO_L476RG/TOOLCHAIN_GCC_ARM/stm32l4xx_ll_rng.o
LOAD E:/SW4STM32/SHIRO-OBI_mbed/mbed/TARGET_NUCLEO_L476RG/TOOLCHAIN_GCC_ARM/stm32l4xx_ll_rtc.o
LOAD E:/SW4STM32/SHIRO-OBI_mbed/mbed/TARGET_NUCLEO_L476RG/TOOLCHAIN_GCC_ARM/stm32l4xx_ll_sdmmc.o
LOAD E:/SW4STM32/SHIRO-OBI_mbed/mbed/TARGET_NUCLEO_L476RG/TOOLCHAIN_GCC_ARM/stm32l4xx_ll_spi.o
LOAD E:/SW4STM32/SHIRO-OBI_mbed/mbed/TARGET_NUCLEO_L476RG/TOOLCHAIN_GCC_ARM/stm32l4xx_ll_swpmi.o
LOAD E:/SW4STM32/SHIRO-OBI_mbed/mbed/TARGET_NUCLEO_L476RG/TOOLCHAIN_GCC_ARM/stm32l4xx_ll_tim.o
LOAD E:/SW4STM32/SHIRO-OBI_mbed/mbed/TARGET_NUCLEO_L476RG/TOOLCHAIN_GCC_ARM/stm32l4xx_ll_usart.o
LOAD E:/SW4STM32/SHIRO-OBI_mbed/mbed/TARGET_NUCLEO_L476RG/TOOLCHAIN_GCC_ARM/stm32l4xx_ll_usb.o
LOAD E:/SW4STM32/SHIRO-OBI_mbed/mbed/TARGET_NUCLEO_L476RG/TOOLCHAIN_GCC_ARM/stm32l4xx_ll_utils.o
LOAD E:/SW4STM32/SHIRO-OBI_mbed/mbed/TARGET_NUCLEO_L476RG/TOOLCHAIN_GCC_ARM/system_stm32l4xx.o
LOAD E:\SW4STM32\SHIRO-OBI_mbed\mbed\TARGET_NUCLEO_L476RG\TOOLCHAIN_GCC_ARM\libmbed.a
LOAD d:/ac6/systemworkbench/plugins/fr.ac6.mcu.externaltools.arm-none.win32_1.13.2.201703061525/tools/compiler/bin/../lib/gcc/arm-none-eabi/5.4.1/../../../../arm-none-eabi/lib\libstdc++_nano.a
LOAD d:/ac6/systemworkbench/plugins/fr.ac6.mcu.externaltools.arm-none.win32_1.13.2.201703061525/tools/compiler/bin/../lib/gcc/arm-none-eabi/5.4.1/../../../../arm-none-eabi/lib\libm.a
START GROUP
LOAD d:/ac6/systemworkbench/plugins/fr.ac6.mcu.externaltools.arm-none.win32_1.13.2.201703061525/tools/compiler/bin/../lib/gcc/arm-none-eabi/5.4.1\libgcc.a
LOAD d:/ac6/systemworkbench/plugins/fr.ac6.mcu.externaltools.arm-none.win32_1.13.2.201703061525/tools/compiler/bin/../lib/gcc/arm-none-eabi/5.4.1/../../../../arm-none-eabi/lib\libc_nano.a
END GROUP
START GROUP
LOAD d:/ac6/systemworkbench/plugins/fr.ac6.mcu.externaltools.arm-none.win32_1.13.2.201703061525/tools/compiler/bin/../lib/gcc/arm-none-eabi/5.4.1\libgcc.a
LOAD d:/ac6/systemworkbench/plugins/fr.ac6.mcu.externaltools.arm-none.win32_1.13.2.201703061525/tools/compiler/bin/../lib/gcc/arm-none-eabi/5.4.1/../../../../arm-none-eabi/lib\libc_nano.a
END GROUP
LOAD d:/ac6/systemworkbench/plugins/fr.ac6.mcu.externaltools.arm-none.win32_1.13.2.201703061525/tools/compiler/bin/../lib/gcc/arm-none-eabi/5.4.1/crtend.o
LOAD d:/ac6/systemworkbench/plugins/fr.ac6.mcu.externaltools.arm-none.win32_1.13.2.201703061525/tools/compiler/bin/../lib/gcc/arm-none-eabi/5.4.1/crtn.o

.text           0x08000000     0x648c
 *(.isr_vector)
 .isr_vector    0x08000000      0x188 E:/SW4STM32/SHIRO-OBI_mbed/mbed/TARGET_NUCLEO_L476RG/TOOLCHAIN_GCC_ARM/startup_stm32l476xx.o
                0x08000000                g_pfnVectors
 *(.text*)
 .text          0x08000188       0x98 d:/ac6/systemworkbench/plugins/fr.ac6.mcu.externaltools.arm-none.win32_1.13.2.201703061525/tools/compiler/bin/../lib/gcc/arm-none-eabi/5.4.1/crtbegin.o
 .text          0x08000220      0x114 d:/ac6/systemworkbench/plugins/fr.ac6.mcu.externaltools.arm-none.win32_1.13.2.201703061525/tools/compiler/bin/../lib/gcc/arm-none-eabi/5.4.1/../../../../arm-none-eabi/lib/crt0.o
                0x08000220                _start
                0x08000220                _mainCRTStartup
 .text.gpio_write
                0x08000334       0x4c main.o
 .text._ZN4mbed10DigitalOutC2E7PinName
                0x08000380       0x34 main.o
                0x08000380                mbed::DigitalOut::DigitalOut(PinName)
                0x08000380                mbed::DigitalOut::DigitalOut(PinName)
 .text._ZN4mbed10DigitalOut5writeEi
                0x080003b4       0x1c main.o
                0x080003b4                mbed::DigitalOut::write(int)
 .text._ZN4mbed10DigitalOutaSEi
                0x080003d0       0x1c main.o
                0x080003d0                mbed::DigitalOut::operator=(int)
 .text._ZN13PlatformMutexC2Ev
                0x080003ec       0x14 main.o
                0x080003ec                PlatformMutex::PlatformMutex()
                0x080003ec                PlatformMutex::PlatformMutex()
 .text._ZN13PlatformMutex4lockEv
                0x08000400       0x14 main.o
                0x08000400                PlatformMutex::lock()
 .text._ZN13PlatformMutex6unlockEv
                0x08000414       0x14 main.o
                0x08000414                PlatformMutex::unlock()
 .text._ZnwjPv  0x08000428       0x18 main.o
                0x08000428                operator new(unsigned int, void*)
 .text._ZL14singleton_lockv
                0x08000440        0xc main.o
 .text._ZL16singleton_unlockv
                0x0800044c        0xc main.o
 .text._ZN4mbed8AnalogInC2E7PinName
                0x08000458       0x3c main.o
                0x08000458                mbed::AnalogIn::AnalogIn(PinName)
                0x08000458                mbed::AnalogIn::AnalogIn(PinName)
 .text._ZN4mbed8AnalogIn4readEv
                0x08000494       0x38 main.o
                0x08000494                mbed::AnalogIn::read()
 .text._ZN4mbed8AnalogInD2Ev
                0x080004cc       0x28 main.o
                0x080004cc                mbed::AnalogIn::~AnalogIn()
                0x080004cc                mbed::AnalogIn::~AnalogIn()
 .text._ZN4mbed8AnalogInD0Ev
                0x080004f4       0x20 main.o
                0x080004f4                mbed::AnalogIn::~AnalogIn()
 .text._ZN4mbed8AnalogIn4lockEv
                0x08000514       0x24 main.o
                0x08000514                mbed::AnalogIn::lock()
 .text._ZN4mbed8AnalogIn6unlockEv
                0x08000538       0x24 main.o
                0x08000538                mbed::AnalogIn::unlock()
 .text.main     0x0800055c       0x80 main.o
                0x0800055c                main
 .text._ZN12SingletonPtrI13PlatformMutexEptEv
                0x080005dc       0x18 main.o
                0x080005dc                SingletonPtr<PlatformMutex>::operator->()
 .text._ZN12SingletonPtrI13PlatformMutexE3getEv
                0x080005f4       0x6c main.o
                0x080005f4                SingletonPtr<PlatformMutex>::get()
 .text._Z41__static_initialization_and_destruction_0ii
                0x08000660       0x4c main.o
 .text._GLOBAL__sub_I_analog_value
                0x080006ac       0x10 main.o
 .text._ZN4TestC2Ev
                0x080006bc       0x14 test/test.o
                0x080006bc                Test::Test()
                0x080006bc                Test::Test()
 .text.__NVIC_SetVector
                0x080006d0       0x40 E:/SW4STM32/SHIRO-OBI_mbed/mbed/TARGET_NUCLEO_L476RG/TOOLCHAIN_GCC_ARM/cmsis_nvic.o
                0x080006d0                __NVIC_SetVector
 .text.timer_irq_handler
                0x08000710       0x5c E:/SW4STM32/SHIRO-OBI_mbed/mbed/TARGET_NUCLEO_L476RG/TOOLCHAIN_GCC_ARM/hal_tick.o
                0x08000710                timer_irq_handler
 .text.HAL_InitTick
                0x0800076c       0xac E:/SW4STM32/SHIRO-OBI_mbed/mbed/TARGET_NUCLEO_L476RG/TOOLCHAIN_GCC_ARM/hal_tick.o
                0x0800076c                HAL_InitTick
 .text.mbed_die
                0x08000818       0x14 E:/SW4STM32/SHIRO-OBI_mbed/mbed/TARGET_NUCLEO_L476RG/TOOLCHAIN_GCC_ARM/mbed_board.o
                0x08000818                mbed_die
 .text.mbed_error_vfprintf
                0x0800082c       0x50 E:/SW4STM32/SHIRO-OBI_mbed/mbed/TARGET_NUCLEO_L476RG/TOOLCHAIN_GCC_ARM/mbed_board.o
                0x0800082c                mbed_error_vfprintf
 .text.mbed_error_printf
                0x0800087c       0x1a E:/SW4STM32/SHIRO-OBI_mbed/mbed/TARGET_NUCLEO_L476RG/TOOLCHAIN_GCC_ARM/mbed_board.o
                0x0800087c                mbed_error_printf
 *fill*         0x08000896        0x2 
 .text._ZL11init_serialv
                0x08000898       0x2c E:/SW4STM32/SHIRO-OBI_mbed/mbed/TARGET_NUCLEO_L476RG/TOOLCHAIN_GCC_ARM/retarget.o
 .text._close   0x080008c4       0x2c E:/SW4STM32/SHIRO-OBI_mbed/mbed/TARGET_NUCLEO_L476RG/TOOLCHAIN_GCC_ARM/retarget.o
                0x080008c4                _close
 .text._write   0x080008f0       0x50 E:/SW4STM32/SHIRO-OBI_mbed/mbed/TARGET_NUCLEO_L476RG/TOOLCHAIN_GCC_ARM/retarget.o
                0x080008f0                _write
 .text._read    0x08000940       0x44 E:/SW4STM32/SHIRO-OBI_mbed/mbed/TARGET_NUCLEO_L476RG/TOOLCHAIN_GCC_ARM/retarget.o
                0x08000940                _read
 .text._isatty  0x08000984       0x24 E:/SW4STM32/SHIRO-OBI_mbed/mbed/TARGET_NUCLEO_L476RG/TOOLCHAIN_GCC_ARM/retarget.o
                0x08000984                _isatty
 .text._lseek   0x080009a8       0x24 E:/SW4STM32/SHIRO-OBI_mbed/mbed/TARGET_NUCLEO_L476RG/TOOLCHAIN_GCC_ARM/retarget.o
                0x080009a8                _lseek
 .text._fstat   0x080009cc       0x1e E:/SW4STM32/SHIRO-OBI_mbed/mbed/TARGET_NUCLEO_L476RG/TOOLCHAIN_GCC_ARM/retarget.o
                0x080009cc                _fstat
 .text.software_init_hook_rtos
                0x080009ea        0x2 E:/SW4STM32/SHIRO-OBI_mbed/mbed/TARGET_NUCLEO_L476RG/TOOLCHAIN_GCC_ARM/retarget.o
                0x080009ea                software_init_hook_rtos
 .text.software_init_hook
                0x080009ec        0x8 E:/SW4STM32/SHIRO-OBI_mbed/mbed/TARGET_NUCLEO_L476RG/TOOLCHAIN_GCC_ARM/retarget.o
                0x080009ec                software_init_hook
 .text._sbrk    0x080009f4       0x44 E:/SW4STM32/SHIRO-OBI_mbed/mbed/TARGET_NUCLEO_L476RG/TOOLCHAIN_GCC_ARM/retarget.o
                0x080009f4                _sbrk
 .text._exit    0x08000a38       0x24 E:/SW4STM32/SHIRO-OBI_mbed/mbed/TARGET_NUCLEO_L476RG/TOOLCHAIN_GCC_ARM/retarget.o
                0x08000a38                _exit
 .text.__rtos_malloc_lock
                0x08000a5c        0x2 E:/SW4STM32/SHIRO-OBI_mbed/mbed/TARGET_NUCLEO_L476RG/TOOLCHAIN_GCC_ARM/retarget.o
                0x08000a5c                __rtos_malloc_lock
 .text.__rtos_malloc_unlock
                0x08000a5e        0x2 E:/SW4STM32/SHIRO-OBI_mbed/mbed/TARGET_NUCLEO_L476RG/TOOLCHAIN_GCC_ARM/retarget.o
                0x08000a5e                __rtos_malloc_unlock
 .text.__malloc_lock
                0x08000a60        0x8 E:/SW4STM32/SHIRO-OBI_mbed/mbed/TARGET_NUCLEO_L476RG/TOOLCHAIN_GCC_ARM/retarget.o
                0x08000a60                __malloc_lock
 .text.__malloc_unlock
                0x08000a68        0x8 E:/SW4STM32/SHIRO-OBI_mbed/mbed/TARGET_NUCLEO_L476RG/TOOLCHAIN_GCC_ARM/retarget.o
                0x08000a68                __malloc_unlock
 .text._ZdlPv   0x08000a70        0x8 E:/SW4STM32/SHIRO-OBI_mbed/mbed/TARGET_NUCLEO_L476RG/TOOLCHAIN_GCC_ARM/retarget.o
                0x08000a70                operator delete(void*)
 .text.Reset_Handler
                0x08000a78       0x4c E:/SW4STM32/SHIRO-OBI_mbed/mbed/TARGET_NUCLEO_L476RG/TOOLCHAIN_GCC_ARM/startup_stm32l476xx.o
                0x08000a78                Reset_Handler
 .text.Default_Handler
                0x08000ac4        0x2 E:/SW4STM32/SHIRO-OBI_mbed/mbed/TARGET_NUCLEO_L476RG/TOOLCHAIN_GCC_ARM/startup_stm32l476xx.o
                0x08000ac4                RTC_Alarm_IRQHandler
                0x08000ac4                EXTI2_IRQHandler
                0x08000ac4                TIM8_TRG_COM_IRQHandler
                0x08000ac4                TIM8_CC_IRQHandler
                0x08000ac4                DebugMon_Handler
                0x08000ac4                TIM1_CC_IRQHandler
                0x08000ac4                TSC_IRQHandler
                0x08000ac4                HardFault_Handler
                0x08000ac4                SysTick_Handler
                0x08000ac4                TAMP_STAMP_IRQHandler
                0x08000ac4                PendSV_Handler
                0x08000ac4                NMI_Handler
                0x08000ac4                EXTI3_IRQHandler
                0x08000ac4                LPTIM2_IRQHandler
                0x08000ac4                DFSDM1_FLT1_IRQHandler
                0x08000ac4                I2C3_ER_IRQHandler
                0x08000ac4                DFSDM1_FLT2_IRQHandler
                0x08000ac4                EXTI0_IRQHandler
                0x08000ac4                I2C2_EV_IRQHandler
                0x08000ac4                CAN1_RX0_IRQHandler
                0x08000ac4                FPU_IRQHandler
                0x08000ac4                TIM1_UP_TIM16_IRQHandler
                0x08000ac4                UsageFault_Handler
                0x08000ac4                ADC1_2_IRQHandler
                0x08000ac4                SPI1_IRQHandler
                0x08000ac4                TIM6_DAC_IRQHandler
                0x08000ac4                TIM8_UP_IRQHandler
                0x08000ac4                DMA2_Channel2_IRQHandler
                0x08000ac4                DMA1_Channel4_IRQHandler
                0x08000ac4                SAI2_IRQHandler
                0x08000ac4                DFSDM1_FLT3_IRQHandler
                0x08000ac4                USART3_IRQHandler
                0x08000ac4                DMA1_Channel7_IRQHandler
                0x08000ac4                CAN1_RX1_IRQHandler
                0x08000ac4                LCD_IRQHandler
                0x08000ac4                UART5_IRQHandler
                0x08000ac4                ADC3_IRQHandler
                0x08000ac4                TIM4_IRQHandler
                0x08000ac4                DMA2_Channel1_IRQHandler
                0x08000ac4                QUADSPI_IRQHandler
                0x08000ac4                I2C1_EV_IRQHandler
                0x08000ac4                DMA1_Channel6_IRQHandler
                0x08000ac4                UART4_IRQHandler
                0x08000ac4                DMA2_Channel4_IRQHandler
                0x08000ac4                TIM3_IRQHandler
                0x08000ac4                RCC_IRQHandler
                0x08000ac4                DMA1_Channel1_IRQHandler
                0x08000ac4                Default_Handler
                0x08000ac4                DMA2_Channel7_IRQHandler
                0x08000ac4                EXTI15_10_IRQHandler
                0x08000ac4                TIM7_IRQHandler
                0x08000ac4                SDMMC1_IRQHandler
                0x08000ac4                TIM5_IRQHandler
                0x08000ac4                I2C3_EV_IRQHandler
                0x08000ac4                EXTI9_5_IRQHandler
                0x08000ac4                RTC_WKUP_IRQHandler
                0x08000ac4                PVD_PVM_IRQHandler
                0x08000ac4                SPI2_IRQHandler
                0x08000ac4                MemManage_Handler
                0x08000ac4                CAN1_TX_IRQHandler
                0x08000ac4                SVC_Handler
                0x08000ac4                DMA2_Channel5_IRQHandler
                0x08000ac4                DMA1_Channel5_IRQHandler
                0x08000ac4                EXTI4_IRQHandler
                0x08000ac4                RNG_IRQHandler
                0x08000ac4                TIM1_TRG_COM_TIM17_IRQHandler
                0x08000ac4                DMA1_Channel3_IRQHandler
                0x08000ac4                COMP_IRQHandler
                0x08000ac4                WWDG_IRQHandler
                0x08000ac4                LPUART1_IRQHandler
                0x08000ac4                DMA2_Channel6_IRQHandler
                0x08000ac4                TIM2_IRQHandler
                0x08000ac4                EXTI1_IRQHandler
                0x08000ac4                USART2_IRQHandler
                0x08000ac4                DFSDM1_FLT0_IRQHandler
                0x08000ac4                I2C2_ER_IRQHandler
                0x08000ac4                DMA1_Channel2_IRQHandler
                0x08000ac4                TIM8_BRK_IRQHandler
                0x08000ac4                CAN1_SCE_IRQHandler
                0x08000ac4                FLASH_IRQHandler
                0x08000ac4                BusFault_Handler
                0x08000ac4                USART1_IRQHandler
                0x08000ac4                OTG_FS_IRQHandler
                0x08000ac4                SPI3_IRQHandler
                0x08000ac4                I2C1_ER_IRQHandler
                0x08000ac4                FMC_IRQHandler
                0x08000ac4                SWPMI1_IRQHandler
                0x08000ac4                LPTIM1_IRQHandler
                0x08000ac4                SAI1_IRQHandler
                0x08000ac4                DMA2_Channel3_IRQHandler
                0x08000ac4                TIM1_BRK_TIM15_IRQHandler
 .text.HAL_Init
                0x08000ac6       0x16 E:/SW4STM32/SHIRO-OBI_mbed/mbed/TARGET_NUCLEO_L476RG/TOOLCHAIN_GCC_ARM/stm32l4xx_hal.o
                0x08000ac6                HAL_Init
 .text.HAL_IncTick
                0x08000adc       0x10 E:/SW4STM32/SHIRO-OBI_mbed/mbed/TARGET_NUCLEO_L476RG/TOOLCHAIN_GCC_ARM/stm32l4xx_hal.o
                0x08000adc                HAL_IncTick
 .text.HAL_GetTick
                0x08000aec        0xc E:/SW4STM32/SHIRO-OBI_mbed/mbed/TARGET_NUCLEO_L476RG/TOOLCHAIN_GCC_ARM/stm32l4xx_hal.o
                0x08000aec                HAL_GetTick
 .text.HAL_ADC_MspInit
                0x08000af8        0x2 E:/SW4STM32/SHIRO-OBI_mbed/mbed/TARGET_NUCLEO_L476RG/TOOLCHAIN_GCC_ARM/stm32l4xx_hal_adc.o
                0x08000af8                HAL_ADC_MspInit
 *fill*         0x08000afa        0x2 
 .text.HAL_ADC_Init
                0x08000afc      0x238 E:/SW4STM32/SHIRO-OBI_mbed/mbed/TARGET_NUCLEO_L476RG/TOOLCHAIN_GCC_ARM/stm32l4xx_hal_adc.o
                0x08000afc                HAL_ADC_Init
 .text.HAL_ADC_PollForConversion
                0x08000d34      0x124 E:/SW4STM32/SHIRO-OBI_mbed/mbed/TARGET_NUCLEO_L476RG/TOOLCHAIN_GCC_ARM/stm32l4xx_hal_adc.o
                0x08000d34                HAL_ADC_PollForConversion
 .text.HAL_ADC_GetValue
                0x08000e58        0x6 E:/SW4STM32/SHIRO-OBI_mbed/mbed/TARGET_NUCLEO_L476RG/TOOLCHAIN_GCC_ARM/stm32l4xx_hal_adc.o
                0x08000e58                HAL_ADC_GetValue
 *fill*         0x08000e5e        0x2 
 .text.HAL_ADC_ConfigChannel
                0x08000e60      0x464 E:/SW4STM32/SHIRO-OBI_mbed/mbed/TARGET_NUCLEO_L476RG/TOOLCHAIN_GCC_ARM/stm32l4xx_hal_adc.o
                0x08000e60                HAL_ADC_ConfigChannel
 .text.ADC_Enable
                0x080012c4       0x64 E:/SW4STM32/SHIRO-OBI_mbed/mbed/TARGET_NUCLEO_L476RG/TOOLCHAIN_GCC_ARM/stm32l4xx_hal_adc.o
                0x080012c4                ADC_Enable
 .text.HAL_ADC_Start
                0x08001328       0xf0 E:/SW4STM32/SHIRO-OBI_mbed/mbed/TARGET_NUCLEO_L476RG/TOOLCHAIN_GCC_ARM/stm32l4xx_hal_adc.o
                0x08001328                HAL_ADC_Start
 .text.HAL_NVIC_SetPriorityGrouping
                0x08001418       0x24 E:/SW4STM32/SHIRO-OBI_mbed/mbed/TARGET_NUCLEO_L476RG/TOOLCHAIN_GCC_ARM/stm32l4xx_hal_cortex.o
                0x08001418                HAL_NVIC_SetPriorityGrouping
 .text.HAL_MspInit
                0x0800143c        0x2 E:/SW4STM32/SHIRO-OBI_mbed/mbed/TARGET_NUCLEO_L476RG/TOOLCHAIN_GCC_ARM/stm32l4xx_hal_msp_template.o
                0x0800143c                HAL_MspInit
 *fill*         0x0800143e        0x2 
 .text.HAL_GPIO_Init
                0x08001440      0x1bc E:/SW4STM32/SHIRO-OBI_mbed/mbed/TARGET_NUCLEO_L476RG/TOOLCHAIN_GCC_ARM/stm32l4xx_hal_gpio.o
                0x08001440                HAL_GPIO_Init
 .text.HAL_PWREx_GetVoltageRange
                0x080015fc       0x10 E:/SW4STM32/SHIRO-OBI_mbed/mbed/TARGET_NUCLEO_L476RG/TOOLCHAIN_GCC_ARM/stm32l4xx_hal_pwr_ex.o
                0x080015fc                HAL_PWREx_GetVoltageRange
 .text.RCC_SetFlashLatencyFromMSIRange
                0x0800160c       0x84 E:/SW4STM32/SHIRO-OBI_mbed/mbed/TARGET_NUCLEO_L476RG/TOOLCHAIN_GCC_ARM/stm32l4xx_hal_rcc.o
 .text.HAL_RCC_GetSysClockFreq
                0x08001690      0x138 E:/SW4STM32/SHIRO-OBI_mbed/mbed/TARGET_NUCLEO_L476RG/TOOLCHAIN_GCC_ARM/stm32l4xx_hal_rcc.o
                0x08001690                HAL_RCC_GetSysClockFreq
 .text.HAL_RCC_OscConfig
                0x080017c8      0x48c E:/SW4STM32/SHIRO-OBI_mbed/mbed/TARGET_NUCLEO_L476RG/TOOLCHAIN_GCC_ARM/stm32l4xx_hal_rcc.o
                0x080017c8                HAL_RCC_OscConfig
 .text.HAL_RCC_ClockConfig
                0x08001c54      0x178 E:/SW4STM32/SHIRO-OBI_mbed/mbed/TARGET_NUCLEO_L476RG/TOOLCHAIN_GCC_ARM/stm32l4xx_hal_rcc.o
                0x08001c54                HAL_RCC_ClockConfig
 .text.HAL_RCC_GetPCLK1Freq
                0x08001dcc       0x30 E:/SW4STM32/SHIRO-OBI_mbed/mbed/TARGET_NUCLEO_L476RG/TOOLCHAIN_GCC_ARM/stm32l4xx_hal_rcc.o
                0x08001dcc                HAL_RCC_GetPCLK1Freq
 .text.HAL_RCC_GetPCLK2Freq
                0x08001dfc       0x30 E:/SW4STM32/SHIRO-OBI_mbed/mbed/TARGET_NUCLEO_L476RG/TOOLCHAIN_GCC_ARM/stm32l4xx_hal_rcc.o
                0x08001dfc                HAL_RCC_GetPCLK2Freq
 .text.HAL_TIM_OC_MspInit
                0x08001e2c        0x2 E:/SW4STM32/SHIRO-OBI_mbed/mbed/TARGET_NUCLEO_L476RG/TOOLCHAIN_GCC_ARM/stm32l4xx_hal_tim.o
                0x08001e2c                HAL_TIM_OC_MspInit
 *fill*         0x08001e2e        0x2 
 .text.TIM_Base_SetConfig
                0x08001e30       0xc4 E:/SW4STM32/SHIRO-OBI_mbed/mbed/TARGET_NUCLEO_L476RG/TOOLCHAIN_GCC_ARM/stm32l4xx_hal_tim.o
                0x08001e30                TIM_Base_SetConfig
 .text.HAL_TIM_OC_Init
                0x08001ef4       0x34 E:/SW4STM32/SHIRO-OBI_mbed/mbed/TARGET_NUCLEO_L476RG/TOOLCHAIN_GCC_ARM/stm32l4xx_hal_tim.o
                0x08001ef4                HAL_TIM_OC_Init
 .text.TIM_CCxChannelCmd
                0x08001f28       0x18 E:/SW4STM32/SHIRO-OBI_mbed/mbed/TARGET_NUCLEO_L476RG/TOOLCHAIN_GCC_ARM/stm32l4xx_hal_tim.o
                0x08001f28                TIM_CCxChannelCmd
 .text.HAL_TIM_OC_Start
                0x08001f40       0x4c E:/SW4STM32/SHIRO-OBI_mbed/mbed/TARGET_NUCLEO_L476RG/TOOLCHAIN_GCC_ARM/stm32l4xx_hal_tim.o
                0x08001f40                HAL_TIM_OC_Start
 .text.HAL_UART_MspInit
                0x08001f8c        0x2 E:/SW4STM32/SHIRO-OBI_mbed/mbed/TARGET_NUCLEO_L476RG/TOOLCHAIN_GCC_ARM/stm32l4xx_hal_uart.o
                0x08001f8c                HAL_UART_MspInit
 *fill*         0x08001f8e        0x2 
 .text.UART_SetConfig
                0x08001f90      0x2ec E:/SW4STM32/SHIRO-OBI_mbed/mbed/TARGET_NUCLEO_L476RG/TOOLCHAIN_GCC_ARM/stm32l4xx_hal_uart.o
                0x08001f90                UART_SetConfig
 .text.UART_AdvFeatureConfig
                0x0800227c       0xb8 E:/SW4STM32/SHIRO-OBI_mbed/mbed/TARGET_NUCLEO_L476RG/TOOLCHAIN_GCC_ARM/stm32l4xx_hal_uart.o
                0x0800227c                UART_AdvFeatureConfig
 .text.UART_WaitOnFlagUntilTimeout
                0x08002334       0x60 E:/SW4STM32/SHIRO-OBI_mbed/mbed/TARGET_NUCLEO_L476RG/TOOLCHAIN_GCC_ARM/stm32l4xx_hal_uart.o
                0x08002334                UART_WaitOnFlagUntilTimeout
 .text.UART_CheckIdleState
                0x08002394       0x68 E:/SW4STM32/SHIRO-OBI_mbed/mbed/TARGET_NUCLEO_L476RG/TOOLCHAIN_GCC_ARM/stm32l4xx_hal_uart.o
                0x08002394                UART_CheckIdleState
 .text.HAL_UART_Init
                0x080023fc       0x64 E:/SW4STM32/SHIRO-OBI_mbed/mbed/TARGET_NUCLEO_L476RG/TOOLCHAIN_GCC_ARM/stm32l4xx_hal_uart.o
                0x080023fc                HAL_UART_Init
 .text.SystemCoreClockUpdate
                0x08002460       0xb4 E:/SW4STM32/SHIRO-OBI_mbed/mbed/TARGET_NUCLEO_L476RG/TOOLCHAIN_GCC_ARM/system_stm32l4xx.o
                0x08002460                SystemCoreClockUpdate
 .text.SetSysClock_PLL_HSE
                0x08002514       0xb4 E:/SW4STM32/SHIRO-OBI_mbed/mbed/TARGET_NUCLEO_L476RG/TOOLCHAIN_GCC_ARM/system_stm32l4xx.o
                0x08002514                SetSysClock_PLL_HSE
 .text.SetSysClock_PLL_MSI
                0x080025c8       0x8c E:/SW4STM32/SHIRO-OBI_mbed/mbed/TARGET_NUCLEO_L476RG/TOOLCHAIN_GCC_ARM/system_stm32l4xx.o
                0x080025c8                SetSysClock_PLL_MSI
 .text.SetSysClock
                0x08002654       0x14 E:/SW4STM32/SHIRO-OBI_mbed/mbed/TARGET_NUCLEO_L476RG/TOOLCHAIN_GCC_ARM/system_stm32l4xx.o
                0x08002654                SetSysClock
 .text.SystemInit
                0x08002668       0x70 E:/SW4STM32/SHIRO-OBI_mbed/mbed/TARGET_NUCLEO_L476RG/TOOLCHAIN_GCC_ARM/system_stm32l4xx.o
                0x08002668                SystemInit
 .text.adc_read
                0x080026d8       0xb0 E:\SW4STM32\SHIRO-OBI_mbed\mbed\TARGET_NUCLEO_L476RG\TOOLCHAIN_GCC_ARM\libmbed.a(analogin_api.o)
 .text.analogin_init
                0x08002788       0xd0 E:\SW4STM32\SHIRO-OBI_mbed\mbed\TARGET_NUCLEO_L476RG\TOOLCHAIN_GCC_ARM\libmbed.a(analogin_api.o)
                0x08002788                analogin_init
 .text.analogin_read
                0x08002858       0x20 E:\SW4STM32\SHIRO-OBI_mbed\mbed\TARGET_NUCLEO_L476RG\TOOLCHAIN_GCC_ARM\libmbed.a(analogin_api.o)
                0x08002858                analogin_read
 .text.init_uart
                0x08002878       0x7c E:\SW4STM32\SHIRO-OBI_mbed\mbed\TARGET_NUCLEO_L476RG\TOOLCHAIN_GCC_ARM\libmbed.a(serial_api.o)
 .text.serial_init
                0x080028f4      0x1e8 E:\SW4STM32\SHIRO-OBI_mbed\mbed\TARGET_NUCLEO_L476RG\TOOLCHAIN_GCC_ARM\libmbed.a(serial_api.o)
                0x080028f4                serial_init
 .text.serial_baud
                0x08002adc        0x6 E:\SW4STM32\SHIRO-OBI_mbed\mbed\TARGET_NUCLEO_L476RG\TOOLCHAIN_GCC_ARM\libmbed.a(serial_api.o)
                0x08002adc                serial_baud
 *fill*         0x08002ae2        0x2 
 .text.serial_readable
                0x08002ae4       0x18 E:\SW4STM32\SHIRO-OBI_mbed\mbed\TARGET_NUCLEO_L476RG\TOOLCHAIN_GCC_ARM\libmbed.a(serial_api.o)
                0x08002ae4                serial_readable
 .text.serial_getc
                0x08002afc       0x2c E:\SW4STM32\SHIRO-OBI_mbed\mbed\TARGET_NUCLEO_L476RG\TOOLCHAIN_GCC_ARM\libmbed.a(serial_api.o)
                0x08002afc                serial_getc
 .text.serial_writable
                0x08002b28       0x18 E:\SW4STM32\SHIRO-OBI_mbed\mbed\TARGET_NUCLEO_L476RG\TOOLCHAIN_GCC_ARM\libmbed.a(serial_api.o)
                0x08002b28                serial_writable
 .text.serial_putc
                0x08002b40       0x30 E:\SW4STM32\SHIRO-OBI_mbed\mbed\TARGET_NUCLEO_L476RG\TOOLCHAIN_GCC_ARM\libmbed.a(serial_api.o)
                0x08002b40                serial_putc
 .text.mbed_assert_internal
                0x08002b70       0x24 E:\SW4STM32\SHIRO-OBI_mbed\mbed\TARGET_NUCLEO_L476RG\TOOLCHAIN_GCC_ARM\libmbed.a(mbed_assert.o)
                0x08002b70                mbed_assert_internal
 .text.error    0x08002b94       0x16 E:\SW4STM32\SHIRO-OBI_mbed\mbed\TARGET_NUCLEO_L476RG\TOOLCHAIN_GCC_ARM\libmbed.a(mbed_error.o)
                0x08002b94                error
 *fill*         0x08002baa        0x2 
 .text.gpio_write
                0x08002bac       0x30 E:\SW4STM32\SHIRO-OBI_mbed\mbed\TARGET_NUCLEO_L476RG\TOOLCHAIN_GCC_ARM\libmbed.a(mbed_gpio.o)
 .text.gpio_init_out_ex
                0x08002bdc       0x2e E:\SW4STM32\SHIRO-OBI_mbed\mbed\TARGET_NUCLEO_L476RG\TOOLCHAIN_GCC_ARM\libmbed.a(mbed_gpio.o)
                0x08002bdc                gpio_init_out_ex
 .text.gpio_init_out
                0x08002c0a        0x6 E:\SW4STM32\SHIRO-OBI_mbed\mbed\TARGET_NUCLEO_L476RG\TOOLCHAIN_GCC_ARM\libmbed.a(mbed_gpio.o)
                0x08002c0a                gpio_init_out
 .text.core_util_are_interrupts_enabled
                0x08002c10        0xe E:\SW4STM32\SHIRO-OBI_mbed\mbed\TARGET_NUCLEO_L476RG\TOOLCHAIN_GCC_ARM\libmbed.a(mbed_critical.o)
                0x08002c10                core_util_are_interrupts_enabled
 *fill*         0x08002c1e        0x2 
 .text.core_util_critical_section_enter
                0x08002c20       0x54 E:\SW4STM32\SHIRO-OBI_mbed\mbed\TARGET_NUCLEO_L476RG\TOOLCHAIN_GCC_ARM\libmbed.a(mbed_critical.o)
                0x08002c20                core_util_critical_section_enter
 .text.core_util_critical_section_exit
                0x08002c74       0x3c E:\SW4STM32\SHIRO-OBI_mbed\mbed\TARGET_NUCLEO_L476RG\TOOLCHAIN_GCC_ARM\libmbed.a(mbed_critical.o)
                0x08002c74                core_util_critical_section_exit
 .text.pinmap_pinout
                0x08002cb0       0x3c E:\SW4STM32\SHIRO-OBI_mbed\mbed\TARGET_NUCLEO_L476RG\TOOLCHAIN_GCC_ARM\libmbed.a(mbed_pinmap_common.o)
                0x08002cb0                pinmap_pinout
 .text.pinmap_merge
                0x08002cec       0x24 E:\SW4STM32\SHIRO-OBI_mbed\mbed\TARGET_NUCLEO_L476RG\TOOLCHAIN_GCC_ARM\libmbed.a(mbed_pinmap_common.o)
                0x08002cec                pinmap_merge
 .text.pinmap_find_peripheral
                0x08002d10       0x18 E:\SW4STM32\SHIRO-OBI_mbed\mbed\TARGET_NUCLEO_L476RG\TOOLCHAIN_GCC_ARM\libmbed.a(mbed_pinmap_common.o)
                0x08002d10                pinmap_find_peripheral
 .text.pinmap_peripheral
                0x08002d28       0x20 E:\SW4STM32\SHIRO-OBI_mbed\mbed\TARGET_NUCLEO_L476RG\TOOLCHAIN_GCC_ARM\libmbed.a(mbed_pinmap_common.o)
                0x08002d28                pinmap_peripheral
 .text.pinmap_find_function
                0x08002d48       0x18 E:\SW4STM32\SHIRO-OBI_mbed\mbed\TARGET_NUCLEO_L476RG\TOOLCHAIN_GCC_ARM\libmbed.a(mbed_pinmap_common.o)
                0x08002d48                pinmap_find_function
 .text.pinmap_function
                0x08002d60       0x20 E:\SW4STM32\SHIRO-OBI_mbed\mbed\TARGET_NUCLEO_L476RG\TOOLCHAIN_GCC_ARM\libmbed.a(mbed_pinmap_common.o)
                0x08002d60                pinmap_function
 .text.us_ticker_irq_handler
                0x08002d80        0xc E:\SW4STM32\SHIRO-OBI_mbed\mbed\TARGET_NUCLEO_L476RG\TOOLCHAIN_GCC_ARM\libmbed.a(mbed_us_ticker_api.o)
                0x08002d80                us_ticker_irq_handler
 .text.wait_us  0x08002d8c       0x16 E:\SW4STM32\SHIRO-OBI_mbed\mbed\TARGET_NUCLEO_L476RG\TOOLCHAIN_GCC_ARM\libmbed.a(mbed_wait_api.o)
                0x08002d8c                wait_us
 *fill*         0x08002da2        0x2 
 .text.wait     0x08002da4       0x1c E:\SW4STM32\SHIRO-OBI_mbed\mbed\TARGET_NUCLEO_L476RG\TOOLCHAIN_GCC_ARM\libmbed.a(mbed_wait_api.o)
                0x08002da4                wait
 .text.wait_ms  0x08002dc0        0xa E:\SW4STM32\SHIRO-OBI_mbed\mbed\TARGET_NUCLEO_L476RG\TOOLCHAIN_GCC_ARM\libmbed.a(mbed_wait_api.o)
                0x08002dc0                wait_ms
 *fill*         0x08002dca        0x2 
 .text.gpio_set
                0x08002dcc       0x2c E:\SW4STM32\SHIRO-OBI_mbed\mbed\TARGET_NUCLEO_L476RG\TOOLCHAIN_GCC_ARM\libmbed.a(gpio_api.o)
                0x08002dcc                gpio_set
 .text.gpio_init
                0x08002df8       0x30 E:\SW4STM32\SHIRO-OBI_mbed\mbed\TARGET_NUCLEO_L476RG\TOOLCHAIN_GCC_ARM\libmbed.a(gpio_api.o)
                0x08002df8                gpio_init
 .text.gpio_mode
                0x08002e28        0x8 E:\SW4STM32\SHIRO-OBI_mbed\mbed\TARGET_NUCLEO_L476RG\TOOLCHAIN_GCC_ARM\libmbed.a(gpio_api.o)
                0x08002e28                gpio_mode
 .text.gpio_dir
                0x08002e30       0x34 E:\SW4STM32\SHIRO-OBI_mbed\mbed\TARGET_NUCLEO_L476RG\TOOLCHAIN_GCC_ARM\libmbed.a(gpio_api.o)
                0x08002e30                gpio_dir
 .text.Set_GPIO_Clock
                0x08002e64       0xd0 E:\SW4STM32\SHIRO-OBI_mbed\mbed\TARGET_NUCLEO_L476RG\TOOLCHAIN_GCC_ARM\libmbed.a(pinmap.o)
                0x08002e64                Set_GPIO_Clock
 .text.pin_function
                0x08002f34       0x5c E:\SW4STM32\SHIRO-OBI_mbed\mbed\TARGET_NUCLEO_L476RG\TOOLCHAIN_GCC_ARM\libmbed.a(pinmap.o)
                0x08002f34                pin_function
 .text.pin_mode
                0x08002f90       0x48 E:\SW4STM32\SHIRO-OBI_mbed\mbed\TARGET_NUCLEO_L476RG\TOOLCHAIN_GCC_ARM\libmbed.a(pinmap.o)
                0x08002f90                pin_mode
 .text.us_ticker_init
                0x08002fd8       0x24 E:\SW4STM32\SHIRO-OBI_mbed\mbed\TARGET_NUCLEO_L476RG\TOOLCHAIN_GCC_ARM\libmbed.a(us_ticker.o)
                0x08002fd8                us_ticker_init
 .text.us_ticker_read
                0x08002ffc       0x1c E:\SW4STM32\SHIRO-OBI_mbed\mbed\TARGET_NUCLEO_L476RG\TOOLCHAIN_GCC_ARM\libmbed.a(us_ticker.o)
                0x08002ffc                us_ticker_read
 .text.us_ticker_set_interrupt
                0x08003018       0x14 E:\SW4STM32\SHIRO-OBI_mbed\mbed\TARGET_NUCLEO_L476RG\TOOLCHAIN_GCC_ARM\libmbed.a(us_ticker.o)
                0x08003018                us_ticker_set_interrupt
 .text.us_ticker_disable_interrupt
                0x0800302c       0x14 E:\SW4STM32\SHIRO-OBI_mbed\mbed\TARGET_NUCLEO_L476RG\TOOLCHAIN_GCC_ARM\libmbed.a(us_ticker.o)
                0x0800302c                us_ticker_disable_interrupt
 .text.us_ticker_clear_interrupt
                0x08003040       0x10 E:\SW4STM32\SHIRO-OBI_mbed\mbed\TARGET_NUCLEO_L476RG\TOOLCHAIN_GCC_ARM\libmbed.a(us_ticker.o)
                0x08003040                us_ticker_clear_interrupt
 .text.ticker_irq_handler
                0x08003050       0x48 E:\SW4STM32\SHIRO-OBI_mbed\mbed\TARGET_NUCLEO_L476RG\TOOLCHAIN_GCC_ARM\libmbed.a(mbed_ticker_api.o)
                0x08003050                ticker_irq_handler
 .text.__aeabi_atexit
                0x08003098       0x1c d:/ac6/systemworkbench/plugins/fr.ac6.mcu.externaltools.arm-none.win32_1.13.2.201703061525/tools/compiler/bin/../lib/gcc/arm-none-eabi/5.4.1/../../../../arm-none-eabi/lib\libstdc++_nano.a(atexit_arm.o)
                0x08003098                __aeabi_atexit
 .text          0x080030b4      0x41c d:/ac6/systemworkbench/plugins/fr.ac6.mcu.externaltools.arm-none.win32_1.13.2.201703061525/tools/compiler/bin/../lib/gcc/arm-none-eabi/5.4.1\libgcc.a(_arm_addsubdf3.o)
                0x080030b4                __aeabi_drsub
                0x080030bc                __aeabi_dsub
                0x080030bc                __subdf3
                0x080030c0                __aeabi_dadd
                0x080030c0                __adddf3
                0x080033d0                __floatunsidf
                0x080033d0                __aeabi_ui2d
                0x080033f4                __floatsidf
                0x080033f4                __aeabi_i2d
                0x0800341c                __aeabi_f2d
                0x0800341c                __extendsfdf2
                0x0800345c                __floatundidf
                0x0800345c                __aeabi_ul2d
                0x08003470                __floatdidf
                0x08003470                __aeabi_l2d
 .text          0x080034d0      0x2f8 d:/ac6/systemworkbench/plugins/fr.ac6.mcu.externaltools.arm-none.win32_1.13.2.201703061525/tools/compiler/bin/../lib/gcc/arm-none-eabi/5.4.1\libgcc.a(_arm_muldivsf3.o)
                0x080034d0                __mulsf3
                0x080034d0                __aeabi_fmul
                0x08003668                __aeabi_fdiv
                0x08003668                __divsf3
 .text          0x080037c8      0x114 d:/ac6/systemworkbench/plugins/fr.ac6.mcu.externaltools.arm-none.win32_1.13.2.201703061525/tools/compiler/bin/../lib/gcc/arm-none-eabi/5.4.1\libgcc.a(_arm_cmpsf2.o)
                0x080037c8                __gesf2
                0x080037c8                __gtsf2
                0x080037d0                __lesf2
                0x080037d0                __ltsf2
                0x080037d8                __nesf2
                0x080037d8                __eqsf2
                0x080037d8                __cmpsf2
                0x0800383c                __aeabi_cfrcmple
                0x0800384c                __aeabi_cfcmpeq
                0x0800384c                __aeabi_cfcmple
                0x08003864                __aeabi_fcmpeq
                0x0800387c                __aeabi_fcmplt
                0x08003894                __aeabi_fcmple
                0x080038ac                __aeabi_fcmpge
                0x080038c4                __aeabi_fcmpgt
 .text          0x080038dc       0x3c d:/ac6/systemworkbench/plugins/fr.ac6.mcu.externaltools.arm-none.win32_1.13.2.201703061525/tools/compiler/bin/../lib/gcc/arm-none-eabi/5.4.1\libgcc.a(_aeabi_uldivmod.o)
                0x080038dc                __aeabi_uldivmod
 .text          0x08003918      0x12c d:/ac6/systemworkbench/plugins/fr.ac6.mcu.externaltools.arm-none.win32_1.13.2.201703061525/tools/compiler/bin/../lib/gcc/arm-none-eabi/5.4.1\libgcc.a(_udivmoddi4.o)
                0x08003918                __udivmoddi4
 .text          0x08003a44        0x4 d:/ac6/systemworkbench/plugins/fr.ac6.mcu.externaltools.arm-none.win32_1.13.2.201703061525/tools/compiler/bin/../lib/gcc/arm-none-eabi/5.4.1\libgcc.a(_dvmd_tls.o)
                0x08003a44                __aeabi_idiv0
                0x08003a44                __aeabi_ldiv0
 .text          0x08003a48       0x28 d:/ac6/systemworkbench/plugins/fr.ac6.mcu.externaltools.arm-none.win32_1.13.2.201703061525/tools/compiler/bin/../lib/gcc/arm-none-eabi/5.4.1\libgcc.a(_clzdi2.o)
                0x08003a48                __clzdi2
 .text          0x08003a70       0x48 d:/ac6/systemworkbench/plugins/fr.ac6.mcu.externaltools.arm-none.win32_1.13.2.201703061525/tools/compiler/bin/../lib/gcc/arm-none-eabi/5.4.1\libgcc.a(_clzsi2.o)
                0x08003a70                __clzsi2
 .text.__cxa_atexit
                0x08003ab8       0x38 d:/ac6/systemworkbench/plugins/fr.ac6.mcu.externaltools.arm-none.win32_1.13.2.201703061525/tools/compiler/bin/../lib/gcc/arm-none-eabi/5.4.1/../../../../arm-none-eabi/lib\libc_nano.a(lib_a-cxa_atexit.o)
                0x08003ab8                __cxa_atexit
 .text.__errno  0x08003af0       0x10 d:/ac6/systemworkbench/plugins/fr.ac6.mcu.externaltools.arm-none.win32_1.13.2.201703061525/tools/compiler/bin/../lib/gcc/arm-none-eabi/5.4.1/../../../../arm-none-eabi/lib\libc_nano.a(lib_a-errno.o)
                0x08003af0                __errno
 .text.exit     0x08003b00       0x40 d:/ac6/systemworkbench/plugins/fr.ac6.mcu.externaltools.arm-none.win32_1.13.2.201703061525/tools/compiler/bin/../lib/gcc/arm-none-eabi/5.4.1/../../../../arm-none-eabi/lib\libc_nano.a(lib_a-exit.o)
                0x08003b00                exit
 .text.__sflush_r
                0x08003b40      0x1e8 d:/ac6/systemworkbench/plugins/fr.ac6.mcu.externaltools.arm-none.win32_1.13.2.201703061525/tools/compiler/bin/../lib/gcc/arm-none-eabi/5.4.1/../../../../arm-none-eabi/lib\libc_nano.a(lib_a-fflush.o)
                0x08003b40                __sflush_r
 .text._fflush_r
                0x08003d28       0x90 d:/ac6/systemworkbench/plugins/fr.ac6.mcu.externaltools.arm-none.win32_1.13.2.201703061525/tools/compiler/bin/../lib/gcc/arm-none-eabi/5.4.1/../../../../arm-none-eabi/lib\libc_nano.a(lib_a-fflush.o)
                0x08003d28                _fflush_r
 .text.fflush   0x08003db8       0x3c d:/ac6/systemworkbench/plugins/fr.ac6.mcu.externaltools.arm-none.win32_1.13.2.201703061525/tools/compiler/bin/../lib/gcc/arm-none-eabi/5.4.1/../../../../arm-none-eabi/lib\libc_nano.a(lib_a-fflush.o)
                0x08003db8                fflush
 .text._cleanup_r
                0x08003df4       0x18 d:/ac6/systemworkbench/plugins/fr.ac6.mcu.externaltools.arm-none.win32_1.13.2.201703061525/tools/compiler/bin/../lib/gcc/arm-none-eabi/5.4.1/../../../../arm-none-eabi/lib\libc_nano.a(lib_a-findfp.o)
                0x08003df4                _cleanup_r
 .text.std.isra.0
                0x08003e0c       0x7c d:/ac6/systemworkbench/plugins/fr.ac6.mcu.externaltools.arm-none.win32_1.13.2.201703061525/tools/compiler/bin/../lib/gcc/arm-none-eabi/5.4.1/../../../../arm-none-eabi/lib\libc_nano.a(lib_a-findfp.o)
 .text.__sfmoreglue
                0x08003e88       0x48 d:/ac6/systemworkbench/plugins/fr.ac6.mcu.externaltools.arm-none.win32_1.13.2.201703061525/tools/compiler/bin/../lib/gcc/arm-none-eabi/5.4.1/../../../../arm-none-eabi/lib\libc_nano.a(lib_a-findfp.o)
                0x08003e88                __sfmoreglue
 .text.__sinit  0x08003ed0       0xa4 d:/ac6/systemworkbench/plugins/fr.ac6.mcu.externaltools.arm-none.win32_1.13.2.201703061525/tools/compiler/bin/../lib/gcc/arm-none-eabi/5.4.1/../../../../arm-none-eabi/lib\libc_nano.a(lib_a-findfp.o)
                0x08003ed0                __sinit
 .text.__sfp    0x08003f74       0xd8 d:/ac6/systemworkbench/plugins/fr.ac6.mcu.externaltools.arm-none.win32_1.13.2.201703061525/tools/compiler/bin/../lib/gcc/arm-none-eabi/5.4.1/../../../../arm-none-eabi/lib\libc_nano.a(lib_a-findfp.o)
                0x08003f74                __sfp
 .text._fwalk_reent
                0x0800404c       0x74 d:/ac6/systemworkbench/plugins/fr.ac6.mcu.externaltools.arm-none.win32_1.13.2.201703061525/tools/compiler/bin/../lib/gcc/arm-none-eabi/5.4.1/../../../../arm-none-eabi/lib\libc_nano.a(lib_a-fwalk.o)
                0x0800404c                _fwalk_reent
 .text.__libc_init_array
                0x080040c0       0x88 d:/ac6/systemworkbench/plugins/fr.ac6.mcu.externaltools.arm-none.win32_1.13.2.201703061525/tools/compiler/bin/../lib/gcc/arm-none-eabi/5.4.1/../../../../arm-none-eabi/lib\libc_nano.a(lib_a-init.o)
                0x080040c0                __libc_init_array
 .text.free     0x08004148       0x20 d:/ac6/systemworkbench/plugins/fr.ac6.mcu.externaltools.arm-none.win32_1.13.2.201703061525/tools/compiler/bin/../lib/gcc/arm-none-eabi/5.4.1/../../../../arm-none-eabi/lib\libc_nano.a(lib_a-malloc.o)
                0x08004148                free
 .text.memchr   0x08004168       0x34 d:/ac6/systemworkbench/plugins/fr.ac6.mcu.externaltools.arm-none.win32_1.13.2.201703061525/tools/compiler/bin/../lib/gcc/arm-none-eabi/5.4.1/../../../../arm-none-eabi/lib\libc_nano.a(lib_a-memchr-stub.o)
                0x08004168                memchr
 .text.memcpy   0x0800419c       0x1c d:/ac6/systemworkbench/plugins/fr.ac6.mcu.externaltools.arm-none.win32_1.13.2.201703061525/tools/compiler/bin/../lib/gcc/arm-none-eabi/5.4.1/../../../../arm-none-eabi/lib\libc_nano.a(lib_a-memcpy-stub.o)
                0x0800419c                memcpy
 .text.memset   0x080041b8       0x18 d:/ac6/systemworkbench/plugins/fr.ac6.mcu.externaltools.arm-none.win32_1.13.2.201703061525/tools/compiler/bin/../lib/gcc/arm-none-eabi/5.4.1/../../../../arm-none-eabi/lib\libc_nano.a(lib_a-memset.o)
                0x080041b8                memset
 .text._free_r  0x080041d0      0x110 d:/ac6/systemworkbench/plugins/fr.ac6.mcu.externaltools.arm-none.win32_1.13.2.201703061525/tools/compiler/bin/../lib/gcc/arm-none-eabi/5.4.1/../../../../arm-none-eabi/lib\libc_nano.a(lib_a-nano-freer.o)
                0x080041d0                _free_r
 .text._malloc_r
                0x080042e0      0x13c d:/ac6/systemworkbench/plugins/fr.ac6.mcu.externaltools.arm-none.win32_1.13.2.201703061525/tools/compiler/bin/../lib/gcc/arm-none-eabi/5.4.1/../../../../arm-none-eabi/lib\libc_nano.a(lib_a-nano-mallocr.o)
                0x080042e0                _malloc_r
 .text.printf   0x0800441c       0x54 d:/ac6/systemworkbench/plugins/fr.ac6.mcu.externaltools.arm-none.win32_1.13.2.201703061525/tools/compiler/bin/../lib/gcc/arm-none-eabi/5.4.1/../../../../arm-none-eabi/lib\libc_nano.a(lib_a-printf.o)
                0x0800441c                iprintf
                0x0800441c                printf
 .text._puts_r  0x08004470      0x150 d:/ac6/systemworkbench/plugins/fr.ac6.mcu.externaltools.arm-none.win32_1.13.2.201703061525/tools/compiler/bin/../lib/gcc/arm-none-eabi/5.4.1/../../../../arm-none-eabi/lib\libc_nano.a(lib_a-puts.o)
                0x08004470                _puts_r
 .text.puts     0x080045c0       0x14 d:/ac6/systemworkbench/plugins/fr.ac6.mcu.externaltools.arm-none.win32_1.13.2.201703061525/tools/compiler/bin/../lib/gcc/arm-none-eabi/5.4.1/../../../../arm-none-eabi/lib\libc_nano.a(lib_a-puts.o)
                0x080045c0                puts
 .text._sbrk_r  0x080045d4       0x3c d:/ac6/systemworkbench/plugins/fr.ac6.mcu.externaltools.arm-none.win32_1.13.2.201703061525/tools/compiler/bin/../lib/gcc/arm-none-eabi/5.4.1/../../../../arm-none-eabi/lib\libc_nano.a(lib_a-sbrkr.o)
                0x080045d4                _sbrk_r
 .text.__sread  0x08004610       0x34 d:/ac6/systemworkbench/plugins/fr.ac6.mcu.externaltools.arm-none.win32_1.13.2.201703061525/tools/compiler/bin/../lib/gcc/arm-none-eabi/5.4.1/../../../../arm-none-eabi/lib\libc_nano.a(lib_a-stdio.o)
                0x08004610                __sread
 .text.__swrite
                0x08004644       0x54 d:/ac6/systemworkbench/plugins/fr.ac6.mcu.externaltools.arm-none.win32_1.13.2.201703061525/tools/compiler/bin/../lib/gcc/arm-none-eabi/5.4.1/../../../../arm-none-eabi/lib\libc_nano.a(lib_a-stdio.o)
                0x08004644                __swrite
 .text.__sseek  0x08004698       0x34 d:/ac6/systemworkbench/plugins/fr.ac6.mcu.externaltools.arm-none.win32_1.13.2.201703061525/tools/compiler/bin/../lib/gcc/arm-none-eabi/5.4.1/../../../../arm-none-eabi/lib\libc_nano.a(lib_a-stdio.o)
                0x08004698                __sseek
 .text.__sclose
                0x080046cc       0x14 d:/ac6/systemworkbench/plugins/fr.ac6.mcu.externaltools.arm-none.win32_1.13.2.201703061525/tools/compiler/bin/../lib/gcc/arm-none-eabi/5.4.1/../../../../arm-none-eabi/lib\libc_nano.a(lib_a-stdio.o)
                0x080046cc                __sclose
 .text._vsprintf_r
                0x080046e0       0x4c d:/ac6/systemworkbench/plugins/fr.ac6.mcu.externaltools.arm-none.win32_1.13.2.201703061525/tools/compiler/bin/../lib/gcc/arm-none-eabi/5.4.1/../../../../arm-none-eabi/lib\libc_nano.a(lib_a-vsprintf.o)
                0x080046e0                _vsprintf_r
                0x080046e0                _vsiprintf_r
 .text.vsprintf
                0x0800472c       0x1c d:/ac6/systemworkbench/plugins/fr.ac6.mcu.externaltools.arm-none.win32_1.13.2.201703061525/tools/compiler/bin/../lib/gcc/arm-none-eabi/5.4.1/../../../../arm-none-eabi/lib\libc_nano.a(lib_a-vsprintf.o)
                0x0800472c                vsiprintf
                0x0800472c                vsprintf
 .text.__swbuf_r
                0x08004748      0x12c d:/ac6/systemworkbench/plugins/fr.ac6.mcu.externaltools.arm-none.win32_1.13.2.201703061525/tools/compiler/bin/../lib/gcc/arm-none-eabi/5.4.1/../../../../arm-none-eabi/lib\libc_nano.a(lib_a-wbuf.o)
                0x08004748                __swbuf_r
 .text._write_r
                0x08004874       0x44 d:/ac6/systemworkbench/plugins/fr.ac6.mcu.externaltools.arm-none.win32_1.13.2.201703061525/tools/compiler/bin/../lib/gcc/arm-none-eabi/5.4.1/../../../../arm-none-eabi/lib\libc_nano.a(lib_a-writer.o)
                0x08004874                _write_r
 .text.__swsetup_r
                0x080048b8      0x164 d:/ac6/systemworkbench/plugins/fr.ac6.mcu.externaltools.arm-none.win32_1.13.2.201703061525/tools/compiler/bin/../lib/gcc/arm-none-eabi/5.4.1/../../../../arm-none-eabi/lib\libc_nano.a(lib_a-wsetup.o)
                0x080048b8                __swsetup_r
 .text._close_r
                0x08004a1c       0x3c d:/ac6/systemworkbench/plugins/fr.ac6.mcu.externaltools.arm-none.win32_1.13.2.201703061525/tools/compiler/bin/../lib/gcc/arm-none-eabi/5.4.1/../../../../arm-none-eabi/lib\libc_nano.a(lib_a-closer.o)
                0x08004a1c                _close_r
 .text._lseek_r
                0x08004a58       0x44 d:/ac6/systemworkbench/plugins/fr.ac6.mcu.externaltools.arm-none.win32_1.13.2.201703061525/tools/compiler/bin/../lib/gcc/arm-none-eabi/5.4.1/../../../../arm-none-eabi/lib\libc_nano.a(lib_a-lseekr.o)
                0x08004a58                _lseek_r
 .text.__swhatbuf_r
                0x08004a9c       0x7c d:/ac6/systemworkbench/plugins/fr.ac6.mcu.externaltools.arm-none.win32_1.13.2.201703061525/tools/compiler/bin/../lib/gcc/arm-none-eabi/5.4.1/../../../../arm-none-eabi/lib\libc_nano.a(lib_a-makebuf.o)
                0x08004a9c                __swhatbuf_r
 .text.__smakebuf_r
                0x08004b18       0xd0 d:/ac6/systemworkbench/plugins/fr.ac6.mcu.externaltools.arm-none.win32_1.13.2.201703061525/tools/compiler/bin/../lib/gcc/arm-none-eabi/5.4.1/../../../../arm-none-eabi/lib\libc_nano.a(lib_a-makebuf.o)
                0x08004b18                __smakebuf_r
 .text.__ssputs_r
                0x08004be8      0x120 d:/ac6/systemworkbench/plugins/fr.ac6.mcu.externaltools.arm-none.win32_1.13.2.201703061525/tools/compiler/bin/../lib/gcc/arm-none-eabi/5.4.1/../../../../arm-none-eabi/lib\libc_nano.a(lib_a-nano-svfprintf.o)
                0x08004be8                __ssputs_r
 .text._svfprintf_r
                0x08004d08      0x32c d:/ac6/systemworkbench/plugins/fr.ac6.mcu.externaltools.arm-none.win32_1.13.2.201703061525/tools/compiler/bin/../lib/gcc/arm-none-eabi/5.4.1/../../../../arm-none-eabi/lib\libc_nano.a(lib_a-nano-svfprintf.o)
                0x08004d08                _svfiprintf_r
                0x08004d08                _svfprintf_r
 .text.__sfputc_r
                0x08005034       0x54 d:/ac6/systemworkbench/plugins/fr.ac6.mcu.externaltools.arm-none.win32_1.13.2.201703061525/tools/compiler/bin/../lib/gcc/arm-none-eabi/5.4.1/../../../../arm-none-eabi/lib\libc_nano.a(lib_a-nano-vfprintf.o)
 .text.__sfputs_r
                0x08005088       0x44 d:/ac6/systemworkbench/plugins/fr.ac6.mcu.externaltools.arm-none.win32_1.13.2.201703061525/tools/compiler/bin/../lib/gcc/arm-none-eabi/5.4.1/../../../../arm-none-eabi/lib\libc_nano.a(lib_a-nano-vfprintf.o)
                0x08005088                __sfputs_r
 .text._vfprintf_r
                0x080050cc      0x364 d:/ac6/systemworkbench/plugins/fr.ac6.mcu.externaltools.arm-none.win32_1.13.2.201703061525/tools/compiler/bin/../lib/gcc/arm-none-eabi/5.4.1/../../../../arm-none-eabi/lib\libc_nano.a(lib_a-nano-vfprintf.o)
                0x080050cc                _vfprintf_r
                0x080050cc                _vfiprintf_r
 .text._printf_common
                0x08005430      0x178 d:/ac6/systemworkbench/plugins/fr.ac6.mcu.externaltools.arm-none.win32_1.13.2.201703061525/tools/compiler/bin/../lib/gcc/arm-none-eabi/5.4.1/../../../../arm-none-eabi/lib\libc_nano.a(lib_a-nano-vfprintf_i.o)
                0x08005430                _printf_common
 .text._printf_i
                0x080055a8      0x3cc d:/ac6/systemworkbench/plugins/fr.ac6.mcu.externaltools.arm-none.win32_1.13.2.201703061525/tools/compiler/bin/../lib/gcc/arm-none-eabi/5.4.1/../../../../arm-none-eabi/lib\libc_nano.a(lib_a-nano-vfprintf_i.o)
                0x080055a8                _printf_i
 .text._read_r  0x08005974       0x44 d:/ac6/systemworkbench/plugins/fr.ac6.mcu.externaltools.arm-none.win32_1.13.2.201703061525/tools/compiler/bin/../lib/gcc/arm-none-eabi/5.4.1/../../../../arm-none-eabi/lib\libc_nano.a(lib_a-readr.o)
                0x08005974                _read_r
 .text._fstat_r
                0x080059b8       0x40 d:/ac6/systemworkbench/plugins/fr.ac6.mcu.externaltools.arm-none.win32_1.13.2.201703061525/tools/compiler/bin/../lib/gcc/arm-none-eabi/5.4.1/../../../../arm-none-eabi/lib\libc_nano.a(lib_a-fstatr.o)
                0x080059b8                _fstat_r
 .text._isatty_r
                0x080059f8       0x3c d:/ac6/systemworkbench/plugins/fr.ac6.mcu.externaltools.arm-none.win32_1.13.2.201703061525/tools/compiler/bin/../lib/gcc/arm-none-eabi/5.4.1/../../../../arm-none-eabi/lib\libc_nano.a(lib_a-isattyr.o)
                0x080059f8                _isatty_r
 .text.memmove  0x08005a34       0x4c d:/ac6/systemworkbench/plugins/fr.ac6.mcu.externaltools.arm-none.win32_1.13.2.201703061525/tools/compiler/bin/../lib/gcc/arm-none-eabi/5.4.1/../../../../arm-none-eabi/lib\libc_nano.a(lib_a-memmove.o)
                0x08005a34                memmove
 .text._realloc_r
                0x08005a80       0x7c d:/ac6/systemworkbench/plugins/fr.ac6.mcu.externaltools.arm-none.win32_1.13.2.201703061525/tools/compiler/bin/../lib/gcc/arm-none-eabi/5.4.1/../../../../arm-none-eabi/lib\libc_nano.a(lib_a-nano-reallocr.o)
                0x08005a80                _realloc_r
 .text._malloc_usable_size_r
                0x08005afc       0x1c d:/ac6/systemworkbench/plugins/fr.ac6.mcu.externaltools.arm-none.win32_1.13.2.201703061525/tools/compiler/bin/../lib/gcc/arm-none-eabi/5.4.1/../../../../arm-none-eabi/lib\libc_nano.a(lib_a-nano-msizer.o)
                0x08005afc                _malloc_usable_size_r
 .text          0x08005b18      0x114 d:/ac6/systemworkbench/plugins/fr.ac6.mcu.externaltools.arm-none.win32_1.13.2.201703061525/tools/compiler/bin/../lib/gcc/arm-none-eabi/5.4.1\libgcc.a(_udivsi3.o)
                0x08005b18                __aeabi_uidiv
                0x08005b18                __udivsi3
                0x08005c0c                __aeabi_uidivmod
 *(.init)
 .init          0x08005c2c        0xc d:/ac6/systemworkbench/plugins/fr.ac6.mcu.externaltools.arm-none.win32_1.13.2.201703061525/tools/compiler/bin/../lib/gcc/arm-none-eabi/5.4.1/crti.o
                0x08005c2c                _init
 .init          0x08005c38        0xc d:/ac6/systemworkbench/plugins/fr.ac6.mcu.externaltools.arm-none.win32_1.13.2.201703061525/tools/compiler/bin/../lib/gcc/arm-none-eabi/5.4.1/crtn.o
 *(.fini)
 .fini          0x08005c44        0xc d:/ac6/systemworkbench/plugins/fr.ac6.mcu.externaltools.arm-none.win32_1.13.2.201703061525/tools/compiler/bin/../lib/gcc/arm-none-eabi/5.4.1/crti.o
                0x08005c44                _fini
 .fini          0x08005c50        0xc d:/ac6/systemworkbench/plugins/fr.ac6.mcu.externaltools.arm-none.win32_1.13.2.201703061525/tools/compiler/bin/../lib/gcc/arm-none-eabi/5.4.1/crtn.o
 *crtbegin.o(.ctors)
 *crtbegin?.o(.ctors)
 *(EXCLUDE_FILE(*crtend.o *crtend?.o) .ctors)
 *(SORT(.ctors.*))
 *(.ctors)
 *crtbegin.o(.dtors)
 *crtbegin?.o(.dtors)
 *(EXCLUDE_FILE(*crtend.o *crtend?.o) .dtors)
 *(SORT(.dtors.*))
 *(.dtors)
 *(.rodata*)
 .rodata        0x08005c5c       0xe4 main.o
 .rodata._ZTVN4mbed8AnalogInE
                0x08005d40       0x18 main.o
                0x08005d40                vtable for mbed::AnalogIn
 .rodata.CSWTCH.38
                0x08005d58        0x4 E:/SW4STM32/SHIRO-OBI_mbed/mbed/TARGET_NUCLEO_L476RG/TOOLCHAIN_GCC_ARM/stm32l4xx_hal_uart.o
 .rodata.CSWTCH.39
                0x08005d5c        0xd E:/SW4STM32/SHIRO-OBI_mbed/mbed/TARGET_NUCLEO_L476RG/TOOLCHAIN_GCC_ARM/stm32l4xx_hal_uart.o
 .rodata.AHBPrescTable
                0x08005d69       0x10 E:/SW4STM32/SHIRO-OBI_mbed/mbed/TARGET_NUCLEO_L476RG/TOOLCHAIN_GCC_ARM/system_stm32l4xx.o
                0x08005d69                AHBPrescTable
 .rodata.APBPrescTable
                0x08005d79        0x8 E:/SW4STM32/SHIRO-OBI_mbed/mbed/TARGET_NUCLEO_L476RG/TOOLCHAIN_GCC_ARM/system_stm32l4xx.o
                0x08005d79                APBPrescTable
 *fill*         0x08005d81        0x3 
 .rodata.MSIRangeTable
                0x08005d84       0x30 E:/SW4STM32/SHIRO-OBI_mbed/mbed/TARGET_NUCLEO_L476RG/TOOLCHAIN_GCC_ARM/system_stm32l4xx.o
                0x08005d84                MSIRangeTable
 .rodata.str1.1
                0x08005db4       0xab E:\SW4STM32\SHIRO-OBI_mbed\mbed\TARGET_NUCLEO_L476RG\TOOLCHAIN_GCC_ARM\libmbed.a(analogin_api.o)
 .rodata.str1.1
                0x08005e5f      0x105 E:\SW4STM32\SHIRO-OBI_mbed\mbed\TARGET_NUCLEO_L476RG\TOOLCHAIN_GCC_ARM\libmbed.a(serial_api.o)
 .rodata.str1.1
                0x08005f64       0x31 E:\SW4STM32\SHIRO-OBI_mbed\mbed\TARGET_NUCLEO_L476RG\TOOLCHAIN_GCC_ARM\libmbed.a(mbed_assert.o)
 .rodata.str1.1
                0x08005f95       0x8b E:\SW4STM32\SHIRO-OBI_mbed\mbed\TARGET_NUCLEO_L476RG\TOOLCHAIN_GCC_ARM\libmbed.a(mbed_gpio.o)
 .rodata.str1.1
                0x08006020       0x7f E:\SW4STM32\SHIRO-OBI_mbed\mbed\TARGET_NUCLEO_L476RG\TOOLCHAIN_GCC_ARM\libmbed.a(mbed_critical.o)
 .rodata.str1.1
                0x0800609f       0x60 E:\SW4STM32\SHIRO-OBI_mbed\mbed\TARGET_NUCLEO_L476RG\TOOLCHAIN_GCC_ARM\libmbed.a(mbed_pinmap_common.o)
 *fill*         0x080060ff        0x1 
 .rodata.us_interface
                0x08006100       0x14 E:\SW4STM32\SHIRO-OBI_mbed\mbed\TARGET_NUCLEO_L476RG\TOOLCHAIN_GCC_ARM\libmbed.a(mbed_us_ticker_api.o)
 .rodata.us_data
                0x08006114        0x8 E:\SW4STM32\SHIRO-OBI_mbed\mbed\TARGET_NUCLEO_L476RG\TOOLCHAIN_GCC_ARM\libmbed.a(mbed_us_ticker_api.o)
 .rodata.PinMap_UART_RX
                0x0800611c       0x78 E:\SW4STM32\SHIRO-OBI_mbed\mbed\TARGET_NUCLEO_L476RG\TOOLCHAIN_GCC_ARM\libmbed.a(PeripheralPins.o)
                0x0800611c                PinMap_UART_RX
 .rodata.PinMap_UART_TX
                0x08006194       0x78 E:\SW4STM32\SHIRO-OBI_mbed\mbed\TARGET_NUCLEO_L476RG\TOOLCHAIN_GCC_ARM\libmbed.a(PeripheralPins.o)
                0x08006194                PinMap_UART_TX
 .rodata.PinMap_ADC
                0x0800620c       0xcc E:\SW4STM32\SHIRO-OBI_mbed\mbed\TARGET_NUCLEO_L476RG\TOOLCHAIN_GCC_ARM\libmbed.a(PeripheralPins.o)
                0x0800620c                PinMap_ADC
 .rodata.str1.1
                0x080062d8       0x5f E:\SW4STM32\SHIRO-OBI_mbed\mbed\TARGET_NUCLEO_L476RG\TOOLCHAIN_GCC_ARM\libmbed.a(gpio_api.o)
                                 0x8a (size before relaxing)
 .rodata.str1.1
                0x08006337       0x7e E:\SW4STM32\SHIRO-OBI_mbed\mbed\TARGET_NUCLEO_L476RG\TOOLCHAIN_GCC_ARM\libmbed.a(pinmap.o)
                                 0x91 (size before relaxing)
 *fill*         0x080063b5        0x3 
 .rodata.gpio_mode
                0x080063b8       0x38 E:\SW4STM32\SHIRO-OBI_mbed\mbed\TARGET_NUCLEO_L476RG\TOOLCHAIN_GCC_ARM\libmbed.a(pinmap.o)
 .rodata.__sf_fake_stdin
                0x080063f0       0x20 d:/ac6/systemworkbench/plugins/fr.ac6.mcu.externaltools.arm-none.win32_1.13.2.201703061525/tools/compiler/bin/../lib/gcc/arm-none-eabi/5.4.1/../../../../arm-none-eabi/lib\libc_nano.a(lib_a-findfp.o)
                0x080063f0                __sf_fake_stdin
 .rodata.__sf_fake_stdout
                0x08006410       0x20 d:/ac6/systemworkbench/plugins/fr.ac6.mcu.externaltools.arm-none.win32_1.13.2.201703061525/tools/compiler/bin/../lib/gcc/arm-none-eabi/5.4.1/../../../../arm-none-eabi/lib\libc_nano.a(lib_a-findfp.o)
                0x08006410                __sf_fake_stdout
 .rodata.__sf_fake_stderr
                0x08006430       0x20 d:/ac6/systemworkbench/plugins/fr.ac6.mcu.externaltools.arm-none.win32_1.13.2.201703061525/tools/compiler/bin/../lib/gcc/arm-none-eabi/5.4.1/../../../../arm-none-eabi/lib\libc_nano.a(lib_a-findfp.o)
                0x08006430                __sf_fake_stderr
 .rodata._global_impure_ptr
                0x08006450        0x4 d:/ac6/systemworkbench/plugins/fr.ac6.mcu.externaltools.arm-none.win32_1.13.2.201703061525/tools/compiler/bin/../lib/gcc/arm-none-eabi/5.4.1/../../../../arm-none-eabi/lib\libc_nano.a(lib_a-impure.o)
                0x08006450                _global_impure_ptr
 .rodata.str1.1
                0x08006454       0x11 d:/ac6/systemworkbench/plugins/fr.ac6.mcu.externaltools.arm-none.win32_1.13.2.201703061525/tools/compiler/bin/../lib/gcc/arm-none-eabi/5.4.1/../../../../arm-none-eabi/lib\libc_nano.a(lib_a-nano-svfprintf.o)
 .rodata.str1.1
                0x08006465       0x11 d:/ac6/systemworkbench/plugins/fr.ac6.mcu.externaltools.arm-none.win32_1.13.2.201703061525/tools/compiler/bin/../lib/gcc/arm-none-eabi/5.4.1/../../../../arm-none-eabi/lib\libc_nano.a(lib_a-nano-vfprintf.o)
 .rodata.str1.1
                0x08006465       0x22 d:/ac6/systemworkbench/plugins/fr.ac6.mcu.externaltools.arm-none.win32_1.13.2.201703061525/tools/compiler/bin/../lib/gcc/arm-none-eabi/5.4.1/../../../../arm-none-eabi/lib\libc_nano.a(lib_a-nano-vfprintf_i.o)
 *(.eh_frame*)
 *fill*         0x08006487        0x1 
 .eh_frame      0x08006488        0x0 d:/ac6/systemworkbench/plugins/fr.ac6.mcu.externaltools.arm-none.win32_1.13.2.201703061525/tools/compiler/bin/../lib/gcc/arm-none-eabi/5.4.1/crtbegin.o
 .eh_frame      0x08006488        0x4 d:/ac6/systemworkbench/plugins/fr.ac6.mcu.externaltools.arm-none.win32_1.13.2.201703061525/tools/compiler/bin/../lib/gcc/arm-none-eabi/5.4.1/crtend.o

.glue_7         0x0800648c        0x0
 .glue_7        0x0800648c        0x0 linker stubs

.glue_7t        0x0800648c        0x0
 .glue_7t       0x0800648c        0x0 linker stubs

.vfp11_veneer   0x0800648c        0x0
 .vfp11_veneer  0x0800648c        0x0 linker stubs

.v4_bx          0x0800648c        0x0
 .v4_bx         0x0800648c        0x0 linker stubs

.iplt           0x0800648c        0x0
 .iplt          0x0800648c        0x0 d:/ac6/systemworkbench/plugins/fr.ac6.mcu.externaltools.arm-none.win32_1.13.2.201703061525/tools/compiler/bin/../lib/gcc/arm-none-eabi/5.4.1/crtbegin.o

.ARM.extab
 *(.ARM.extab* .gnu.linkonce.armextab.*)
                0x0800648c                __exidx_start = .

.ARM.exidx      0x0800648c        0x8
 *(.ARM.exidx* .gnu.linkonce.armexidx.*)
 .ARM.exidx     0x0800648c        0x8 d:/ac6/systemworkbench/plugins/fr.ac6.mcu.externaltools.arm-none.win32_1.13.2.201703061525/tools/compiler/bin/../lib/gcc/arm-none-eabi/5.4.1/../../../../arm-none-eabi/lib/crt0.o
 .ARM.exidx     0x08006494        0x0 d:/ac6/systemworkbench/plugins/fr.ac6.mcu.externaltools.arm-none.win32_1.13.2.201703061525/tools/compiler/bin/../lib/gcc/arm-none-eabi/5.4.1\libgcc.a(_udivmoddi4.o)
                                  0x8 (size before relaxing)
                0x08006494                __exidx_end = .
                0x08006494                __etext = .
                0x08006494                _sidata = .

.rel.dyn        0x08006494        0x0
 .rel.iplt      0x08006494        0x0 d:/ac6/systemworkbench/plugins/fr.ac6.mcu.externaltools.arm-none.win32_1.13.2.201703061525/tools/compiler/bin/../lib/gcc/arm-none-eabi/5.4.1/crtbegin.o

.data           0x20000000       0x80 load address 0x08006494
                0x20000000                __data_start__ = .
                0x20000000                _sdata = .
 *(vtable)
 *(.data*)
 .data          0x20000000        0x4 d:/ac6/systemworkbench/plugins/fr.ac6.mcu.externaltools.arm-none.win32_1.13.2.201703061525/tools/compiler/bin/../lib/gcc/arm-none-eabi/5.4.1/crtbegin.o
                0x20000000                __dso_handle
 .data._ZZ5_sbrkE4heap
                0x20000004        0x4 E:/SW4STM32/SHIRO-OBI_mbed/mbed/TARGET_NUCLEO_L476RG/TOOLCHAIN_GCC_ARM/retarget.o
 .data.SystemCoreClock
                0x20000008        0x4 E:/SW4STM32/SHIRO-OBI_mbed/mbed/TARGET_NUCLEO_L476RG/TOOLCHAIN_GCC_ARM/system_stm32l4xx.o
                0x20000008                SystemCoreClock
 .data.impure_data
                0x2000000c       0x60 d:/ac6/systemworkbench/plugins/fr.ac6.mcu.externaltools.arm-none.win32_1.13.2.201703061525/tools/compiler/bin/../lib/gcc/arm-none-eabi/5.4.1/../../../../arm-none-eabi/lib\libc_nano.a(lib_a-impure.o)
 .data._impure_ptr
                0x2000006c        0x4 d:/ac6/systemworkbench/plugins/fr.ac6.mcu.externaltools.arm-none.win32_1.13.2.201703061525/tools/compiler/bin/../lib/gcc/arm-none-eabi/5.4.1/../../../../arm-none-eabi/lib\libc_nano.a(lib_a-impure.o)
                0x2000006c                _impure_ptr
                0x20000070                . = ALIGN (0x4)
                0x20000070                PROVIDE (__preinit_array_start, .)
 *(.preinit_array)
                0x20000070                PROVIDE (__preinit_array_end, .)
                0x20000070                . = ALIGN (0x4)
                0x20000070                PROVIDE (__init_array_start, .)
 *(SORT(.init_array.*))
 *(.init_array)
 .init_array    0x20000070        0x4 d:/ac6/systemworkbench/plugins/fr.ac6.mcu.externaltools.arm-none.win32_1.13.2.201703061525/tools/compiler/bin/../lib/gcc/arm-none-eabi/5.4.1/crtbegin.o
 .init_array    0x20000074        0x4 main.o
                0x20000078                PROVIDE (__init_array_end, .)
                0x20000078                . = ALIGN (0x4)
                [!provide]                PROVIDE (__fini_array_start, .)
 *(SORT(.fini_array.*))
 *(.fini_array)
 .fini_array    0x20000078        0x4 d:/ac6/systemworkbench/plugins/fr.ac6.mcu.externaltools.arm-none.win32_1.13.2.201703061525/tools/compiler/bin/../lib/gcc/arm-none-eabi/5.4.1/crtbegin.o
                [!provide]                PROVIDE (__fini_array_end, .)
 *(.jcr*)
 .jcr           0x2000007c        0x0 d:/ac6/systemworkbench/plugins/fr.ac6.mcu.externaltools.arm-none.win32_1.13.2.201703061525/tools/compiler/bin/../lib/gcc/arm-none-eabi/5.4.1/crtbegin.o
 .jcr           0x2000007c        0x4 d:/ac6/systemworkbench/plugins/fr.ac6.mcu.externaltools.arm-none.win32_1.13.2.201703061525/tools/compiler/bin/../lib/gcc/arm-none-eabi/5.4.1/crtend.o
                0x20000080                . = ALIGN (0x4)
                0x20000080                __data_end__ = .
                0x20000080                _edata = .

.igot.plt       0x20000080        0x0 load address 0x08006514
 .igot.plt      0x20000080        0x0 d:/ac6/systemworkbench/plugins/fr.ac6.mcu.externaltools.arm-none.win32_1.13.2.201703061525/tools/compiler/bin/../lib/gcc/arm-none-eabi/5.4.1/crtbegin.o

.bss            0x20000080      0x54c load address 0x08006514
                0x20000080                . = ALIGN (0x4)
                0x20000080                __bss_start__ = .
                0x20000080                _sbss = .
 *(.bss*)
 .bss           0x20000080       0x1c d:/ac6/systemworkbench/plugins/fr.ac6.mcu.externaltools.arm-none.win32_1.13.2.201703061525/tools/compiler/bin/../lib/gcc/arm-none-eabi/5.4.1/crtbegin.o
 .bss           0x2000009c       0x24 main.o
                0x2000009c                analog_value
                0x200000ac                led
 .bss.PreviousVal
                0x200000c0        0x4 E:/SW4STM32/SHIRO-OBI_mbed/mbed/TARGET_NUCLEO_L476RG/TOOLCHAIN_GCC_ARM/hal_tick.o
                0x200000c0                PreviousVal
 .bss.mbed_heap_size
                0x200000c4        0x4 E:/SW4STM32/SHIRO-OBI_mbed/mbed/TARGET_NUCLEO_L476RG/TOOLCHAIN_GCC_ARM/retarget.o
                0x200000c4                mbed_heap_size
 .bss._ZL11filehandles
                0x200000c8      0x100 E:/SW4STM32/SHIRO-OBI_mbed/mbed/TARGET_NUCLEO_L476RG/TOOLCHAIN_GCC_ARM/retarget.o
 .bss.mbed_heap_start
                0x200001c8        0x4 E:/SW4STM32/SHIRO-OBI_mbed/mbed/TARGET_NUCLEO_L476RG/TOOLCHAIN_GCC_ARM/retarget.o
                0x200001c8                mbed_heap_start
 .bss.adc_inited
                0x200001cc        0x4 E:\SW4STM32\SHIRO-OBI_mbed\mbed\TARGET_NUCLEO_L476RG\TOOLCHAIN_GCC_ARM\libmbed.a(analogin_api.o)
                0x200001cc                adc_inited
 .bss.uart_handlers
                0x200001d0      0x2a0 E:\SW4STM32\SHIRO-OBI_mbed\mbed\TARGET_NUCLEO_L476RG\TOOLCHAIN_GCC_ARM\libmbed.a(serial_api.o)
 .bss.stdio_uart_inited
                0x20000470        0x4 E:\SW4STM32\SHIRO-OBI_mbed\mbed\TARGET_NUCLEO_L476RG\TOOLCHAIN_GCC_ARM\libmbed.a(serial_api.o)
                0x20000470                stdio_uart_inited
 .bss._ZN4mbed8AnalogIn6_mutexE
                0x20000474        0x8 E:\SW4STM32\SHIRO-OBI_mbed\mbed\TARGET_NUCLEO_L476RG\TOOLCHAIN_GCC_ARM\libmbed.a(AnalogIn.o)
                0x20000474                mbed::AnalogIn::_mutex
 .bss.interrupt_enable_counter
                0x2000047c        0x4 E:\SW4STM32\SHIRO-OBI_mbed\mbed\TARGET_NUCLEO_L476RG\TOOLCHAIN_GCC_ARM\libmbed.a(mbed_critical.o)
 .bss.critical_interrupts_disabled
                0x20000480        0x1 E:\SW4STM32\SHIRO-OBI_mbed\mbed\TARGET_NUCLEO_L476RG\TOOLCHAIN_GCC_ARM\libmbed.a(mbed_critical.o)
 *fill*         0x20000481        0x3 
 .bss.events    0x20000484        0x8 E:\SW4STM32\SHIRO-OBI_mbed\mbed\TARGET_NUCLEO_L476RG\TOOLCHAIN_GCC_ARM\libmbed.a(mbed_us_ticker_api.o)
 .bss.TimMasterHandle
                0x2000048c       0x3c E:\SW4STM32\SHIRO-OBI_mbed\mbed\TARGET_NUCLEO_L476RG\TOOLCHAIN_GCC_ARM\libmbed.a(us_ticker.o)
 .bss.us_ticker_inited
                0x200004c8        0x4 E:\SW4STM32\SHIRO-OBI_mbed\mbed\TARGET_NUCLEO_L476RG\TOOLCHAIN_GCC_ARM\libmbed.a(us_ticker.o)
 .bss.__malloc_sbrk_start
                0x200004cc        0x4 d:/ac6/systemworkbench/plugins/fr.ac6.mcu.externaltools.arm-none.win32_1.13.2.201703061525/tools/compiler/bin/../lib/gcc/arm-none-eabi/5.4.1/../../../../arm-none-eabi/lib\libc_nano.a(lib_a-nano-mallocr.o)
                0x200004cc                __malloc_sbrk_start
 .bss.__malloc_free_list
                0x200004d0        0x4 d:/ac6/systemworkbench/plugins/fr.ac6.mcu.externaltools.arm-none.win32_1.13.2.201703061525/tools/compiler/bin/../lib/gcc/arm-none-eabi/5.4.1/../../../../arm-none-eabi/lib\libc_nano.a(lib_a-nano-mallocr.o)
                0x200004d0                __malloc_free_list
 *(COMMON)
 COMMON         0x200004d4       0x3c E:/SW4STM32/SHIRO-OBI_mbed/mbed/TARGET_NUCLEO_L476RG/TOOLCHAIN_GCC_ARM/hal_tick.o
                0x200004d4                TimMasterHandle
 COMMON         0x20000510        0x4 E:/SW4STM32/SHIRO-OBI_mbed/mbed/TARGET_NUCLEO_L476RG/TOOLCHAIN_GCC_ARM/stm32l4xx_hal.o
                0x20000510                uwTick
 COMMON         0x20000514       0x68 E:\SW4STM32\SHIRO-OBI_mbed\mbed\TARGET_NUCLEO_L476RG\TOOLCHAIN_GCC_ARM\libmbed.a(analogin_api.o)
                0x20000514                AdcHandle
 COMMON         0x2000057c       0x4c E:\SW4STM32\SHIRO-OBI_mbed\mbed\TARGET_NUCLEO_L476RG\TOOLCHAIN_GCC_ARM\libmbed.a(serial_api.o)
                0x2000057c                stdio_uart
 COMMON         0x200005c8        0x4 d:/ac6/systemworkbench/plugins/fr.ac6.mcu.externaltools.arm-none.win32_1.13.2.201703061525/tools/compiler/bin/../lib/gcc/arm-none-eabi/5.4.1/../../../../arm-none-eabi/lib\libc_nano.a(lib_a-reent.o)
                0x200005c8                errno
                0x200005cc                . = ALIGN (0x4)
                0x200005cc                __bss_end__ = .
                0x200005cc                _ebss = .

.heap           0x200005cc        0x0
                0x200005cc                __end__ = .
                0x200005cc                end = __end__
 *(.heap*)
                0x200005cc                __HeapLimit = .

.stack_dummy    0x200005cc        0x0
 *(.stack*)
                0x20018000                __StackTop = (ORIGIN (SRAM1) + LENGTH (SRAM1))
                0x20018000                _estack = __StackTop
                0x20018000                __StackLimit = (__StackTop - SIZEOF (.stack_dummy))
                0x20018000                PROVIDE (__stack, __StackTop)
                0x00000001                ASSERT ((__StackLimit >= __HeapLimit), region RAM overflowed with stack)
OUTPUT(SHIRO-OBI_mbed.elf elf32-littlearm)

.ARM.attributes
                0x00000000       0x35
 .ARM.attributes
                0x00000000       0x16 d:/ac6/systemworkbench/plugins/fr.ac6.mcu.externaltools.arm-none.win32_1.13.2.201703061525/tools/compiler/bin/../lib/gcc/arm-none-eabi/5.4.1/crti.o
 .ARM.attributes
                0x00000016       0x30 d:/ac6/systemworkbench/plugins/fr.ac6.mcu.externaltools.arm-none.win32_1.13.2.201703061525/tools/compiler/bin/../lib/gcc/arm-none-eabi/5.4.1/crtbegin.o
 .ARM.attributes
                0x00000046       0x14 d:/ac6/systemworkbench/plugins/fr.ac6.mcu.externaltools.arm-none.win32_1.13.2.201703061525/tools/compiler/bin/../lib/gcc/arm-none-eabi/5.4.1/../../../../arm-none-eabi/lib/crt0.o
 .ARM.attributes
                0x0000005a       0x33 main.o
 .ARM.attributes
                0x0000008d       0x33 test/test.o
 .ARM.attributes
                0x000000c0       0x37 E:/SW4STM32/SHIRO-OBI_mbed/mbed/TARGET_NUCLEO_L476RG/TOOLCHAIN_GCC_ARM/cmsis_nvic.o
 .ARM.attributes
                0x000000f7       0x37 E:/SW4STM32/SHIRO-OBI_mbed/mbed/TARGET_NUCLEO_L476RG/TOOLCHAIN_GCC_ARM/hal_tick.o
 .ARM.attributes
                0x0000012e       0x37 E:/SW4STM32/SHIRO-OBI_mbed/mbed/TARGET_NUCLEO_L476RG/TOOLCHAIN_GCC_ARM/mbed_board.o
 .ARM.attributes
                0x00000165       0x37 E:/SW4STM32/SHIRO-OBI_mbed/mbed/TARGET_NUCLEO_L476RG/TOOLCHAIN_GCC_ARM/retarget.o
 .ARM.attributes
                0x0000019c       0x21 E:/SW4STM32/SHIRO-OBI_mbed/mbed/TARGET_NUCLEO_L476RG/TOOLCHAIN_GCC_ARM/startup_stm32l476xx.o
 .ARM.attributes
                0x000001bd       0x37 E:/SW4STM32/SHIRO-OBI_mbed/mbed/TARGET_NUCLEO_L476RG/TOOLCHAIN_GCC_ARM/stm32l4xx_hal.o
 .ARM.attributes
                0x000001f4       0x37 E:/SW4STM32/SHIRO-OBI_mbed/mbed/TARGET_NUCLEO_L476RG/TOOLCHAIN_GCC_ARM/stm32l4xx_hal_adc.o
 .ARM.attributes
                0x0000022b       0x37 E:/SW4STM32/SHIRO-OBI_mbed/mbed/TARGET_NUCLEO_L476RG/TOOLCHAIN_GCC_ARM/stm32l4xx_hal_cortex.o
 .ARM.attributes
                0x00000262       0x37 E:/SW4STM32/SHIRO-OBI_mbed/mbed/TARGET_NUCLEO_L476RG/TOOLCHAIN_GCC_ARM/stm32l4xx_hal_msp_template.o
 .ARM.attributes
                0x00000299       0x37 E:/SW4STM32/SHIRO-OBI_mbed/mbed/TARGET_NUCLEO_L476RG/TOOLCHAIN_GCC_ARM/stm32l4xx_hal_gpio.o
 .ARM.attributes
                0x000002d0       0x37 E:/SW4STM32/SHIRO-OBI_mbed/mbed/TARGET_NUCLEO_L476RG/TOOLCHAIN_GCC_ARM/stm32l4xx_hal_pwr_ex.o
 .ARM.attributes
                0x00000307       0x37 E:/SW4STM32/SHIRO-OBI_mbed/mbed/TARGET_NUCLEO_L476RG/TOOLCHAIN_GCC_ARM/stm32l4xx_hal_rcc.o
 .ARM.attributes
                0x0000033e       0x37 E:/SW4STM32/SHIRO-OBI_mbed/mbed/TARGET_NUCLEO_L476RG/TOOLCHAIN_GCC_ARM/stm32l4xx_hal_tim.o
 .ARM.attributes
                0x00000375       0x37 E:/SW4STM32/SHIRO-OBI_mbed/mbed/TARGET_NUCLEO_L476RG/TOOLCHAIN_GCC_ARM/stm32l4xx_hal_uart.o
 .ARM.attributes
                0x000003ac       0x37 E:/SW4STM32/SHIRO-OBI_mbed/mbed/TARGET_NUCLEO_L476RG/TOOLCHAIN_GCC_ARM/system_stm32l4xx.o
 .ARM.attributes
                0x000003e3       0x37 E:\SW4STM32\SHIRO-OBI_mbed\mbed\TARGET_NUCLEO_L476RG\TOOLCHAIN_GCC_ARM\libmbed.a(analogin_api.o)
 .ARM.attributes
                0x0000041a       0x37 E:\SW4STM32\SHIRO-OBI_mbed\mbed\TARGET_NUCLEO_L476RG\TOOLCHAIN_GCC_ARM\libmbed.a(serial_api.o)
 .ARM.attributes
                0x00000451       0x37 E:\SW4STM32\SHIRO-OBI_mbed\mbed\TARGET_NUCLEO_L476RG\TOOLCHAIN_GCC_ARM\libmbed.a(AnalogIn.o)
 .ARM.attributes
                0x00000488       0x37 E:\SW4STM32\SHIRO-OBI_mbed\mbed\TARGET_NUCLEO_L476RG\TOOLCHAIN_GCC_ARM\libmbed.a(mbed_assert.o)
 .ARM.attributes
                0x000004bf       0x37 E:\SW4STM32\SHIRO-OBI_mbed\mbed\TARGET_NUCLEO_L476RG\TOOLCHAIN_GCC_ARM\libmbed.a(mbed_error.o)
 .ARM.attributes
                0x000004f6       0x37 E:\SW4STM32\SHIRO-OBI_mbed\mbed\TARGET_NUCLEO_L476RG\TOOLCHAIN_GCC_ARM\libmbed.a(mbed_gpio.o)
 .ARM.attributes
                0x0000052d       0x37 E:\SW4STM32\SHIRO-OBI_mbed\mbed\TARGET_NUCLEO_L476RG\TOOLCHAIN_GCC_ARM\libmbed.a(mbed_critical.o)
 .ARM.attributes
                0x00000564       0x37 E:\SW4STM32\SHIRO-OBI_mbed\mbed\TARGET_NUCLEO_L476RG\TOOLCHAIN_GCC_ARM\libmbed.a(mbed_pinmap_common.o)
 .ARM.attributes
                0x0000059b       0x37 E:\SW4STM32\SHIRO-OBI_mbed\mbed\TARGET_NUCLEO_L476RG\TOOLCHAIN_GCC_ARM\libmbed.a(mbed_us_ticker_api.o)
 .ARM.attributes
                0x000005d2       0x37 E:\SW4STM32\SHIRO-OBI_mbed\mbed\TARGET_NUCLEO_L476RG\TOOLCHAIN_GCC_ARM\libmbed.a(mbed_wait_api.o)
 .ARM.attributes
                0x00000609       0x37 E:\SW4STM32\SHIRO-OBI_mbed\mbed\TARGET_NUCLEO_L476RG\TOOLCHAIN_GCC_ARM\libmbed.a(PeripheralPins.o)
 .ARM.attributes
                0x00000640       0x37 E:\SW4STM32\SHIRO-OBI_mbed\mbed\TARGET_NUCLEO_L476RG\TOOLCHAIN_GCC_ARM\libmbed.a(gpio_api.o)
 .ARM.attributes
                0x00000677       0x37 E:\SW4STM32\SHIRO-OBI_mbed\mbed\TARGET_NUCLEO_L476RG\TOOLCHAIN_GCC_ARM\libmbed.a(pinmap.o)
 .ARM.attributes
                0x000006ae       0x37 E:\SW4STM32\SHIRO-OBI_mbed\mbed\TARGET_NUCLEO_L476RG\TOOLCHAIN_GCC_ARM\libmbed.a(us_ticker.o)
 .ARM.attributes
                0x000006e5       0x37 E:\SW4STM32\SHIRO-OBI_mbed\mbed\TARGET_NUCLEO_L476RG\TOOLCHAIN_GCC_ARM\libmbed.a(mbed_ticker_api.o)
 .ARM.attributes
                0x0000071c       0x30 d:/ac6/systemworkbench/plugins/fr.ac6.mcu.externaltools.arm-none.win32_1.13.2.201703061525/tools/compiler/bin/../lib/gcc/arm-none-eabi/5.4.1/../../../../arm-none-eabi/lib\libstdc++_nano.a(atexit_arm.o)
 .ARM.attributes
                0x0000074c       0x18 d:/ac6/systemworkbench/plugins/fr.ac6.mcu.externaltools.arm-none.win32_1.13.2.201703061525/tools/compiler/bin/../lib/gcc/arm-none-eabi/5.4.1\libgcc.a(_arm_addsubdf3.o)
 .ARM.attributes
                0x00000764       0x18 d:/ac6/systemworkbench/plugins/fr.ac6.mcu.externaltools.arm-none.win32_1.13.2.201703061525/tools/compiler/bin/../lib/gcc/arm-none-eabi/5.4.1\libgcc.a(_arm_muldivsf3.o)
 .ARM.attributes
                0x0000077c       0x18 d:/ac6/systemworkbench/plugins/fr.ac6.mcu.externaltools.arm-none.win32_1.13.2.201703061525/tools/compiler/bin/../lib/gcc/arm-none-eabi/5.4.1\libgcc.a(_arm_cmpsf2.o)
 .ARM.attributes
                0x00000794       0x18 d:/ac6/systemworkbench/plugins/fr.ac6.mcu.externaltools.arm-none.win32_1.13.2.201703061525/tools/compiler/bin/../lib/gcc/arm-none-eabi/5.4.1\libgcc.a(_aeabi_uldivmod.o)
 .ARM.attributes
                0x000007ac       0x30 d:/ac6/systemworkbench/plugins/fr.ac6.mcu.externaltools.arm-none.win32_1.13.2.201703061525/tools/compiler/bin/../lib/gcc/arm-none-eabi/5.4.1\libgcc.a(_udivmoddi4.o)
 .ARM.attributes
                0x000007dc       0x18 d:/ac6/systemworkbench/plugins/fr.ac6.mcu.externaltools.arm-none.win32_1.13.2.201703061525/tools/compiler/bin/../lib/gcc/arm-none-eabi/5.4.1\libgcc.a(_dvmd_tls.o)
 .ARM.attributes
                0x000007f4       0x18 d:/ac6/systemworkbench/plugins/fr.ac6.mcu.externaltools.arm-none.win32_1.13.2.201703061525/tools/compiler/bin/../lib/gcc/arm-none-eabi/5.4.1\libgcc.a(_clzdi2.o)
 .ARM.attributes
                0x0000080c       0x18 d:/ac6/systemworkbench/plugins/fr.ac6.mcu.externaltools.arm-none.win32_1.13.2.201703061525/tools/compiler/bin/../lib/gcc/arm-none-eabi/5.4.1\libgcc.a(_clzsi2.o)
 .ARM.attributes
                0x00000824       0x30 d:/ac6/systemworkbench/plugins/fr.ac6.mcu.externaltools.arm-none.win32_1.13.2.201703061525/tools/compiler/bin/../lib/gcc/arm-none-eabi/5.4.1/../../../../arm-none-eabi/lib\libc_nano.a(lib_a-cxa_atexit.o)
 .ARM.attributes
                0x00000854       0x30 d:/ac6/systemworkbench/plugins/fr.ac6.mcu.externaltools.arm-none.win32_1.13.2.201703061525/tools/compiler/bin/../lib/gcc/arm-none-eabi/5.4.1/../../../../arm-none-eabi/lib\libc_nano.a(lib_a-errno.o)
 .ARM.attributes
                0x00000884       0x30 d:/ac6/systemworkbench/plugins/fr.ac6.mcu.externaltools.arm-none.win32_1.13.2.201703061525/tools/compiler/bin/../lib/gcc/arm-none-eabi/5.4.1/../../../../arm-none-eabi/lib\libc_nano.a(lib_a-exit.o)
 .ARM.attributes
                0x000008b4       0x30 d:/ac6/systemworkbench/plugins/fr.ac6.mcu.externaltools.arm-none.win32_1.13.2.201703061525/tools/compiler/bin/../lib/gcc/arm-none-eabi/5.4.1/../../../../arm-none-eabi/lib\libc_nano.a(lib_a-fflush.o)
 .ARM.attributes
                0x000008e4       0x30 d:/ac6/systemworkbench/plugins/fr.ac6.mcu.externaltools.arm-none.win32_1.13.2.201703061525/tools/compiler/bin/../lib/gcc/arm-none-eabi/5.4.1/../../../../arm-none-eabi/lib\libc_nano.a(lib_a-findfp.o)
 .ARM.attributes
                0x00000914       0x30 d:/ac6/systemworkbench/plugins/fr.ac6.mcu.externaltools.arm-none.win32_1.13.2.201703061525/tools/compiler/bin/../lib/gcc/arm-none-eabi/5.4.1/../../../../arm-none-eabi/lib\libc_nano.a(lib_a-fwalk.o)
 .ARM.attributes
                0x00000944       0x30 d:/ac6/systemworkbench/plugins/fr.ac6.mcu.externaltools.arm-none.win32_1.13.2.201703061525/tools/compiler/bin/../lib/gcc/arm-none-eabi/5.4.1/../../../../arm-none-eabi/lib\libc_nano.a(lib_a-impure.o)
 .ARM.attributes
                0x00000974       0x30 d:/ac6/systemworkbench/plugins/fr.ac6.mcu.externaltools.arm-none.win32_1.13.2.201703061525/tools/compiler/bin/../lib/gcc/arm-none-eabi/5.4.1/../../../../arm-none-eabi/lib\libc_nano.a(lib_a-init.o)
 .ARM.attributes
                0x000009a4       0x30 d:/ac6/systemworkbench/plugins/fr.ac6.mcu.externaltools.arm-none.win32_1.13.2.201703061525/tools/compiler/bin/../lib/gcc/arm-none-eabi/5.4.1/../../../../arm-none-eabi/lib\libc_nano.a(lib_a-malloc.o)
 .ARM.attributes
                0x000009d4       0x30 d:/ac6/systemworkbench/plugins/fr.ac6.mcu.externaltools.arm-none.win32_1.13.2.201703061525/tools/compiler/bin/../lib/gcc/arm-none-eabi/5.4.1/../../../../arm-none-eabi/lib\libc_nano.a(lib_a-memchr-stub.o)
 .ARM.attributes
                0x00000a04       0x30 d:/ac6/systemworkbench/plugins/fr.ac6.mcu.externaltools.arm-none.win32_1.13.2.201703061525/tools/compiler/bin/../lib/gcc/arm-none-eabi/5.4.1/../../../../arm-none-eabi/lib\libc_nano.a(lib_a-memcpy-stub.o)
 .ARM.attributes
                0x00000a34       0x30 d:/ac6/systemworkbench/plugins/fr.ac6.mcu.externaltools.arm-none.win32_1.13.2.201703061525/tools/compiler/bin/../lib/gcc/arm-none-eabi/5.4.1/../../../../arm-none-eabi/lib\libc_nano.a(lib_a-memset.o)
 .ARM.attributes
                0x00000a64       0x30 d:/ac6/systemworkbench/plugins/fr.ac6.mcu.externaltools.arm-none.win32_1.13.2.201703061525/tools/compiler/bin/../lib/gcc/arm-none-eabi/5.4.1/../../../../arm-none-eabi/lib\libc_nano.a(lib_a-nano-freer.o)
 .ARM.attributes
                0x00000a94       0x30 d:/ac6/systemworkbench/plugins/fr.ac6.mcu.externaltools.arm-none.win32_1.13.2.201703061525/tools/compiler/bin/../lib/gcc/arm-none-eabi/5.4.1/../../../../arm-none-eabi/lib\libc_nano.a(lib_a-nano-mallocr.o)
 .ARM.attributes
                0x00000ac4       0x30 d:/ac6/systemworkbench/plugins/fr.ac6.mcu.externaltools.arm-none.win32_1.13.2.201703061525/tools/compiler/bin/../lib/gcc/arm-none-eabi/5.4.1/../../../../arm-none-eabi/lib\libc_nano.a(lib_a-printf.o)
 .ARM.attributes
                0x00000af4       0x30 d:/ac6/systemworkbench/plugins/fr.ac6.mcu.externaltools.arm-none.win32_1.13.2.201703061525/tools/compiler/bin/../lib/gcc/arm-none-eabi/5.4.1/../../../../arm-none-eabi/lib\libc_nano.a(lib_a-puts.o)
 .ARM.attributes
                0x00000b24       0x30 d:/ac6/systemworkbench/plugins/fr.ac6.mcu.externaltools.arm-none.win32_1.13.2.201703061525/tools/compiler/bin/../lib/gcc/arm-none-eabi/5.4.1/../../../../arm-none-eabi/lib\libc_nano.a(lib_a-reent.o)
 .ARM.attributes
                0x00000b54       0x30 d:/ac6/systemworkbench/plugins/fr.ac6.mcu.externaltools.arm-none.win32_1.13.2.201703061525/tools/compiler/bin/../lib/gcc/arm-none-eabi/5.4.1/../../../../arm-none-eabi/lib\libc_nano.a(lib_a-sbrkr.o)
 .ARM.attributes
                0x00000b84       0x30 d:/ac6/systemworkbench/plugins/fr.ac6.mcu.externaltools.arm-none.win32_1.13.2.201703061525/tools/compiler/bin/../lib/gcc/arm-none-eabi/5.4.1/../../../../arm-none-eabi/lib\libc_nano.a(lib_a-stdio.o)
 .ARM.attributes
                0x00000bb4       0x30 d:/ac6/systemworkbench/plugins/fr.ac6.mcu.externaltools.arm-none.win32_1.13.2.201703061525/tools/compiler/bin/../lib/gcc/arm-none-eabi/5.4.1/../../../../arm-none-eabi/lib\libc_nano.a(lib_a-vsprintf.o)
 .ARM.attributes
                0x00000be4       0x30 d:/ac6/systemworkbench/plugins/fr.ac6.mcu.externaltools.arm-none.win32_1.13.2.201703061525/tools/compiler/bin/../lib/gcc/arm-none-eabi/5.4.1/../../../../arm-none-eabi/lib\libc_nano.a(lib_a-wbuf.o)
 .ARM.attributes
                0x00000c14       0x30 d:/ac6/systemworkbench/plugins/fr.ac6.mcu.externaltools.arm-none.win32_1.13.2.201703061525/tools/compiler/bin/../lib/gcc/arm-none-eabi/5.4.1/../../../../arm-none-eabi/lib\libc_nano.a(lib_a-writer.o)
 .ARM.attributes
                0x00000c44       0x30 d:/ac6/systemworkbench/plugins/fr.ac6.mcu.externaltools.arm-none.win32_1.13.2.201703061525/tools/compiler/bin/../lib/gcc/arm-none-eabi/5.4.1/../../../../arm-none-eabi/lib\libc_nano.a(lib_a-wsetup.o)
 .ARM.attributes
                0x00000c74       0x30 d:/ac6/systemworkbench/plugins/fr.ac6.mcu.externaltools.arm-none.win32_1.13.2.201703061525/tools/compiler/bin/../lib/gcc/arm-none-eabi/5.4.1/../../../../arm-none-eabi/lib\libc_nano.a(lib_a-closer.o)
 .ARM.attributes
                0x00000ca4       0x30 d:/ac6/systemworkbench/plugins/fr.ac6.mcu.externaltools.arm-none.win32_1.13.2.201703061525/tools/compiler/bin/../lib/gcc/arm-none-eabi/5.4.1/../../../../arm-none-eabi/lib\libc_nano.a(lib_a-lseekr.o)
 .ARM.attributes
                0x00000cd4       0x30 d:/ac6/systemworkbench/plugins/fr.ac6.mcu.externaltools.arm-none.win32_1.13.2.201703061525/tools/compiler/bin/../lib/gcc/arm-none-eabi/5.4.1/../../../../arm-none-eabi/lib\libc_nano.a(lib_a-makebuf.o)
 .ARM.attributes
                0x00000d04       0x30 d:/ac6/systemworkbench/plugins/fr.ac6.mcu.externaltools.arm-none.win32_1.13.2.201703061525/tools/compiler/bin/../lib/gcc/arm-none-eabi/5.4.1/../../../../arm-none-eabi/lib\libc_nano.a(lib_a-nano-svfprintf.o)
 .ARM.attributes
                0x00000d34       0x30 d:/ac6/systemworkbench/plugins/fr.ac6.mcu.externaltools.arm-none.win32_1.13.2.201703061525/tools/compiler/bin/../lib/gcc/arm-none-eabi/5.4.1/../../../../arm-none-eabi/lib\libc_nano.a(lib_a-nano-vfprintf.o)
 .ARM.attributes
                0x00000d64       0x30 d:/ac6/systemworkbench/plugins/fr.ac6.mcu.externaltools.arm-none.win32_1.13.2.201703061525/tools/compiler/bin/../lib/gcc/arm-none-eabi/5.4.1/../../../../arm-none-eabi/lib\libc_nano.a(lib_a-nano-vfprintf_i.o)
 .ARM.attributes
                0x00000d94       0x30 d:/ac6/systemworkbench/plugins/fr.ac6.mcu.externaltools.arm-none.win32_1.13.2.201703061525/tools/compiler/bin/../lib/gcc/arm-none-eabi/5.4.1/../../../../arm-none-eabi/lib\libc_nano.a(lib_a-readr.o)
 .ARM.attributes
                0x00000dc4       0x30 d:/ac6/systemworkbench/plugins/fr.ac6.mcu.externaltools.arm-none.win32_1.13.2.201703061525/tools/compiler/bin/../lib/gcc/arm-none-eabi/5.4.1/../../../../arm-none-eabi/lib\libc_nano.a(lib_a-fstatr.o)
 .ARM.attributes
                0x00000df4       0x30 d:/ac6/systemworkbench/plugins/fr.ac6.mcu.externaltools.arm-none.win32_1.13.2.201703061525/tools/compiler/bin/../lib/gcc/arm-none-eabi/5.4.1/../../../../arm-none-eabi/lib\libc_nano.a(lib_a-isattyr.o)
 .ARM.attributes
                0x00000e24       0x30 d:/ac6/systemworkbench/plugins/fr.ac6.mcu.externaltools.arm-none.win32_1.13.2.201703061525/tools/compiler/bin/../lib/gcc/arm-none-eabi/5.4.1/../../../../arm-none-eabi/lib\libc_nano.a(lib_a-memmove.o)
 .ARM.attributes
                0x00000e54       0x30 d:/ac6/systemworkbench/plugins/fr.ac6.mcu.externaltools.arm-none.win32_1.13.2.201703061525/tools/compiler/bin/../lib/gcc/arm-none-eabi/5.4.1/../../../../arm-none-eabi/lib\libc_nano.a(lib_a-nano-reallocr.o)
 .ARM.attributes